Archive member included to satisfy reference by file (symbol)

C:\Program Files (x86)\gcc-arm-none-eabi-10.3-2021.10\arm-none-eabi\lib\thumb\v6-m\nofp\libnosys.a(errno.o)
                              newlib_stubs.o (errno)
C:\Program Files (x86)\gcc-arm-none-eabi-10.3-2021.10\lib\gcc\arm-none-eabi\10.3.1\thumb\v6-m\nofp\libgcc.a(_divsi3.o)
                              main.o (__aeabi_idiv)
C:\Program Files (x86)\gcc-arm-none-eabi-10.3-2021.10\lib\gcc\arm-none-eabi\10.3.1\thumb\v6-m\nofp\libgcc.a(_dvmd_tls.o)
                              C:\Program Files (x86)\gcc-arm-none-eabi-10.3-2021.10\lib\gcc\arm-none-eabi\10.3.1\thumb\v6-m\nofp\libgcc.a(_divsi3.o) (__aeabi_idiv0)
C:\Program Files (x86)\gcc-arm-none-eabi-10.3-2021.10\lib\gcc\arm-none-eabi\10.3.1\thumb\v6-m\nofp\libgcc.a(divsf3.o)
                              main.o (__aeabi_fdiv)
C:\Program Files (x86)\gcc-arm-none-eabi-10.3-2021.10\lib\gcc\arm-none-eabi\10.3.1\thumb\v6-m\nofp\libgcc.a(mulsf3.o)
                              main.o (__aeabi_fmul)
C:\Program Files (x86)\gcc-arm-none-eabi-10.3-2021.10\lib\gcc\arm-none-eabi\10.3.1\thumb\v6-m\nofp\libgcc.a(floatsisf.o)
                              main.o (__aeabi_i2f)
C:\Program Files (x86)\gcc-arm-none-eabi-10.3-2021.10\lib\gcc\arm-none-eabi\10.3.1\thumb\v6-m\nofp\libgcc.a(divdf3.o)
                              main.o (__aeabi_ddiv)
C:\Program Files (x86)\gcc-arm-none-eabi-10.3-2021.10\lib\gcc\arm-none-eabi\10.3.1\thumb\v6-m\nofp\libgcc.a(muldf3.o)
                              main.o (__aeabi_dmul)
C:\Program Files (x86)\gcc-arm-none-eabi-10.3-2021.10\lib\gcc\arm-none-eabi\10.3.1\thumb\v6-m\nofp\libgcc.a(subdf3.o)
                              main.o (__aeabi_dsub)
C:\Program Files (x86)\gcc-arm-none-eabi-10.3-2021.10\lib\gcc\arm-none-eabi\10.3.1\thumb\v6-m\nofp\libgcc.a(fixdfsi.o)
                              main.o (__aeabi_d2iz)
C:\Program Files (x86)\gcc-arm-none-eabi-10.3-2021.10\lib\gcc\arm-none-eabi\10.3.1\thumb\v6-m\nofp\libgcc.a(extendsfdf2.o)
                              main.o (__aeabi_f2d)
C:\Program Files (x86)\gcc-arm-none-eabi-10.3-2021.10\lib\gcc\arm-none-eabi\10.3.1\thumb\v6-m\nofp\libgcc.a(_udivsi3.o)
                              C:\Program Files (x86)\gcc-arm-none-eabi-10.3-2021.10\lib\gcc\arm-none-eabi\10.3.1\thumb\v6-m\nofp\libgcc.a(divdf3.o) (__aeabi_uidivmod)
C:\Program Files (x86)\gcc-arm-none-eabi-10.3-2021.10\lib\gcc\arm-none-eabi\10.3.1\thumb\v6-m\nofp\libgcc.a(_clzsi2.o)
                              C:\Program Files (x86)\gcc-arm-none-eabi-10.3-2021.10\lib\gcc\arm-none-eabi\10.3.1\thumb\v6-m\nofp\libgcc.a(divsf3.o) (__clzsi2)
C:\Program Files (x86)\gcc-arm-none-eabi-10.3-2021.10\arm-none-eabi\lib\thumb\v6-m\nofp\libc_nano.a(lib_a-fflush.o)
                              main.o (fflush)
C:\Program Files (x86)\gcc-arm-none-eabi-10.3-2021.10\arm-none-eabi\lib\thumb\v6-m\nofp\libc_nano.a(lib_a-findfp.o)
                              C:\Program Files (x86)\gcc-arm-none-eabi-10.3-2021.10\arm-none-eabi\lib\thumb\v6-m\nofp\libc_nano.a(lib_a-fflush.o) (__sinit)
C:\Program Files (x86)\gcc-arm-none-eabi-10.3-2021.10\arm-none-eabi\lib\thumb\v6-m\nofp\libc_nano.a(lib_a-fwalk.o)
                              C:\Program Files (x86)\gcc-arm-none-eabi-10.3-2021.10\arm-none-eabi\lib\thumb\v6-m\nofp\libc_nano.a(lib_a-findfp.o) (_fwalk)
C:\Program Files (x86)\gcc-arm-none-eabi-10.3-2021.10\arm-none-eabi\lib\thumb\v6-m\nofp\libc_nano.a(lib_a-impure.o)
                              C:\Program Files (x86)\gcc-arm-none-eabi-10.3-2021.10\arm-none-eabi\lib\thumb\v6-m\nofp\libc_nano.a(lib_a-fflush.o) (_global_impure_ptr)
C:\Program Files (x86)\gcc-arm-none-eabi-10.3-2021.10\arm-none-eabi\lib\thumb\v6-m\nofp\libc_nano.a(lib_a-lock.o)
                              C:\Program Files (x86)\gcc-arm-none-eabi-10.3-2021.10\arm-none-eabi\lib\thumb\v6-m\nofp\libc_nano.a(lib_a-findfp.o) (__retarget_lock_init_recursive)
C:\Program Files (x86)\gcc-arm-none-eabi-10.3-2021.10\arm-none-eabi\lib\thumb\v6-m\nofp\libc_nano.a(lib_a-memset.o)
                              C:\Program Files (x86)\gcc-arm-none-eabi-10.3-2021.10\arm-none-eabi\lib\thumb\v6-m\nofp\libc_nano.a(lib_a-findfp.o) (memset)
C:\Program Files (x86)\gcc-arm-none-eabi-10.3-2021.10\arm-none-eabi\lib\thumb\v6-m\nofp\libc_nano.a(lib_a-nano-freer.o)
                              C:\Program Files (x86)\gcc-arm-none-eabi-10.3-2021.10\arm-none-eabi\lib\thumb\v6-m\nofp\libc_nano.a(lib_a-fflush.o) (_free_r)
C:\Program Files (x86)\gcc-arm-none-eabi-10.3-2021.10\arm-none-eabi\lib\thumb\v6-m\nofp\libc_nano.a(lib_a-nano-mallocr.o)
                              C:\Program Files (x86)\gcc-arm-none-eabi-10.3-2021.10\arm-none-eabi\lib\thumb\v6-m\nofp\libc_nano.a(lib_a-findfp.o) (_malloc_r)
C:\Program Files (x86)\gcc-arm-none-eabi-10.3-2021.10\arm-none-eabi\lib\thumb\v6-m\nofp\libc_nano.a(lib_a-printf.o)
                              main.o (printf)
C:\Program Files (x86)\gcc-arm-none-eabi-10.3-2021.10\arm-none-eabi\lib\thumb\v6-m\nofp\libc_nano.a(lib_a-puts.o)
[...]
Memory Configuration

Name             Origin             Length             Attributes
flash            0x08000000         0x00010000
ram              0x20000000         0x00002000
*default*        0x00000000         0xffffffff

Linker script and memory map

LOAD main.o
LOAD serial.o
LOAD UART2.o
LOAD startup.o
LOAD newlib_stubs.o
LOAD C:\Program Files (x86)\gcc-arm-none-eabi-10.3-2021.10\arm-none-eabi\lib\thumb\v6-m\nofp\libnosys.a
LOAD C:\Program Files (x86)\gcc-arm-none-eabi-10.3-2021.10\lib\gcc\arm-none-eabi\10.3.1\thumb\v6-m\nofp\libgcc.a
START GROUP
LOAD C:\Program Files (x86)\gcc-arm-none-eabi-10.3-2021.10\lib\gcc\arm-none-eabi\10.3.1\thumb\v6-m\nofp\libgcc.a
LOAD C:\Program Files (x86)\gcc-arm-none-eabi-10.3-2021.10\arm-none-eabi\lib\thumb\v6-m\nofp\libc_nano.a
LOAD C:\Program Files (x86)\gcc-arm-none-eabi-10.3-2021.10\arm-none-eabi\lib\thumb\v6-m\nofp\libm.a
END GROUP

.text           0x08000000     0x5440
 *(.vectors)
 .vectors       0x08000000       0xb8 startup.o
                0x08000000                Vectors
 *(.after_vectors*)
 .after_vectors
                0x080000b8       0x28 startup.o
                0x080000b8                ResetInit
 *(.text*)
 .text          0x080000e0      0xb40 main.o
                0x080000e0                Delay_us
                0x08000140                waitms
                0x0800018c                wait_1ms
                0x080001c4                delayms
                0x080001e6                LCD_pulse
                0x08000216                LCD_byte
                0x08000398                WriteData
                0x080003cc                WriteCommand
                0x08000400                LCD_4BIT
                0x0800044a                LCDprint
                0x080004c6                Hardware_Init
                0x08000550                Configure_Pins
                0x080005a8                Configure_Buttons
                0x08000640                initADC
                0x080006e0                readADC
                0x0800074c                SendATCommand
                0x080007c4                ReceptionOff
                0x0800081c                voltageToDuty
                0x080008a0                LCD_GPIO_Init
                0x080008f0                main
 .text          0x08000c20      0x5b4 serial.o
                0x08000c20                ReadCom
                0x08000c94                WriteCom
                0x08000d34                initUART
                0x08000e84                USART1_Handler
                0x08000eb0                usart_rx
                0x08000ee0                usart_tx
                0x08000f48                PutBuf
                0x08000faa                GetBuf
                0x08001000                GetBufCount
                0x08001014                eputs
                0x08001050                eputc
                0x0800106e                egetc
                0x08001088                egets
                0x08001114                egetc_echo
                0x0800113a                egets_echo
 .text          0x080011d4      0x5c8 UART2.o
                0x080011d4                ReadCom2
                0x08001248                WriteCom2
                0x080012e8                initUART2
                0x08001434                USART2_Handler
                0x08001460                usart_rx2
                0x08001490                usart_tx2
                0x080014f8                PutBuf2
                0x0800155a                GetBuf2
                0x080015b0                GetBufCount2
                0x080015c4                eputs2
                0x08001600                eputc2
                0x0800161e                egetc2
                0x08001638                egets2
                0x080016c4                ReceivedBytes2
                0x080016dc                egetc_echo2
                0x08001702                egets_echo2
 .text          0x0800179c      0x1a8 startup.o
                0x08001814                initClock
                0x0800191c                EXTI2_3_Handler
                0x0800191c                TIM21_Handler
                0x0800191c                SysTick_Handler
                0x0800191c                I2C1_Handler
                0x0800191c                PendSV_Handler
                0x0800191c                NMI_Handler
                0x0800191c                WWDG_Handler
                0x0800191c                RTC_Handler
                0x0800191c                EXTI4_15_Handler
                0x0800191c                TIM2_Handler
                0x0800191c                DMA_CH4_5_6_7_Handler
                0x0800191c                Default_Handler
                0x0800191c                LPUART1_Handler
                0x0800191c                FLASH_Handler
                0x0800191c                EXTI0_1_Handler
                0x0800191c                DMA_CH1_Handler
                0x0800191c                SPI2_Handler
                0x0800191c                DMA_CH2_3_Handler
                0x0800191c                I2C2_Handler
                0x0800191c                SVC_Handler
                0x0800191c                LPTIM1_Handler
                0x0800191c                SPI1_Handler
                0x0800191c                RCC_Handler
                0x0800191c                PVD_Handler
                0x0800191c                TIM6_Handler
                0x0800191c                TIM22_Handler
                0x0800191c                ADC_COMP_Handler
                0x08001930                Hard_Fault_Handler
 .text          0x08001944      0x29c newlib_stubs.o
                0x08001944                _exit
                0x0800194e                _close
                0x08001962                _execve
                0x08001984                _fork
                0x0800199c                _fstat
                0x080019b8                _getpid
                0x080019c4                _kill
                0x080019e4                _link
                0x08001a04                _lseek
                0x08001a1a                _stat
                0x08001a36                _times
                0x08001a4a                _unlink
                0x08001a68                _wait
                0x08001a88                _isatty
                0x08001ab0                _sbrk
                0x08001b14                _read
                0x08001b8c                _write
 .text          0x08001be0        0x0 C:\Program Files (x86)\gcc-arm-none-eabi-10.3-2021.10\arm-none-eabi\lib\thumb\v6-m\nofp\libnosys.a(errno.o)
 .text          0x08001be0      0x1d4 C:\Program Files (x86)\gcc-arm-none-eabi-10.3-2021.10\lib\gcc\arm-none-eabi\10.3.1\thumb\v6-m\nofp\libgcc.a(_divsi3.o)
                0x08001be0                __divsi3
                0x08001be0                __aeabi_idiv
                0x08001dac                __aeabi_idivmod
 .text          0x08001db4        0x4 C:\Program Files (x86)\gcc-arm-none-eabi-10.3-2021.10\lib\gcc\arm-none-eabi\10.3.1\thumb\v6-m\nofp\libgcc.a(_dvmd_tls.o)
                0x08001db4                __aeabi_idiv0
                0x08001db4                __aeabi_ldiv0
 .text          0x08001db8      0x230 C:\Program Files (x86)\gcc-arm-none-eabi-10.3-2021.10\lib\gcc\arm-none-eabi\10.3.1\thumb\v6-m\nofp\libgcc.a(divsf3.o)
                0x08001db8                __aeabi_fdiv
 .text          0x08001fe8      0x24c C:\Program Files (x86)\gcc-arm-none-eabi-10.3-2021.10\lib\gcc\arm-none-eabi\10.3.1\thumb\v6-m\nofp\libgcc.a(mulsf3.o)
                0x08001fe8                __aeabi_fmul
 .text          0x08002234       0x9c C:\Program Files (x86)\gcc-arm-none-eabi-10.3-2021.10\lib\gcc\arm-none-eabi\10.3.1\thumb\v6-m\nofp\libgcc.a(floatsisf.o)
                0x08002234                __aeabi_i2f
 .text          0x080022d0      0x5ec C:\Program Files (x86)\gcc-arm-none-eabi-10.3-2021.10\lib\gcc\arm-none-eabi\10.3.1\thumb\v6-m\nofp\libgcc.a(divdf3.o)
                0x080022d0                __aeabi_ddiv
 .text          0x080028bc      0x4d8 C:\Program Files (x86)\gcc-arm-none-eabi-10.3-2021.10\lib\gcc\arm-none-eabi\10.3.1\thumb\v6-m\nofp\libgcc.a(muldf3.o)
                0x080028bc                __aeabi_dmul
 .text          0x08002d94      0x724 C:\Program Files (x86)\gcc-arm-none-eabi-10.3-2021.10\lib\gcc\arm-none-eabi\10.3.1\thumb\v6-m\nofp\libgcc.a(subdf3.o)
                0x08002d94                __aeabi_dsub
 .text          0x080034b8       0x6c C:\Program Files (x86)\gcc-arm-none-eabi-10.3-2021.10\lib\gcc\arm-none-eabi\10.3.1\thumb\v6-m\nofp\libgcc.a(fixdfsi.o)
                0x080034b8                __aeabi_d2iz
 .text          0x08003524       0x90 C:\Program Files (x86)\gcc-arm-none-eabi-10.3-2021.10\lib\gcc\arm-none-eabi\10.3.1\thumb\v6-m\nofp\libgcc.a(extendsfdf2.o)
                0x08003524                __aeabi_f2d
 .text          0x080035b4      0x114 C:\Program Files (x86)\gcc-arm-none-eabi-10.3-2021.10\lib\gcc\arm-none-eabi\10.3.1\thumb\v6-m\nofp\libgcc.a(_udivsi3.o)
                0x080035b4                __aeabi_uidiv
                0x080035b4                __udivsi3
                0x080036c0                __aeabi_uidivmod
 .text          0x080036c8       0x3c C:\Program Files (x86)\gcc-arm-none-eabi-10.3-2021.10\lib\gcc\arm-none-eabi\10.3.1\thumb\v6-m\nofp\libgcc.a(_clzsi2.o)
                0x080036c8                __clzsi2
 .text          0x08003704        0x0 C:\Program Files (x86)\gcc-arm-none-eabi-10.3-2021.10\arm-none-eabi\lib\thumb\v6-m\nofp\libc_nano.a(lib_a-fflush.o)
 .text.__sflush_r
                0x08003704      0x118 C:\Program Files (x86)\gcc-arm-none-eabi-10.3-2021.10\arm-none-eabi\lib\thumb\v6-m\nofp\libc_nano.a(lib_a-fflush.o)
                0x08003704                __sflush_r
 .text._fflush_r
                0x0800381c       0x80 C:\Program Files (x86)\gcc-arm-none-eabi-10.3-2021.10\arm-none-eabi\lib\thumb\v6-m\nofp\libc_nano.a(lib_a-fflush.o)
                0x0800381c                _fflush_r
 .text.fflush   0x0800389c       0x2c C:\Program Files (x86)\gcc-arm-none-eabi-10.3-2021.10\arm-none-eabi\lib\thumb\v6-m\nofp\libc_nano.a(lib_a-fflush.o)
                0x0800389c                fflush
 .text          0x080038c8        0x0 C:\Program Files (x86)\gcc-arm-none-eabi-10.3-2021.10\arm-none-eabi\lib\thumb\v6-m\nofp\libc_nano.a(lib_a-findfp.o)
 .text.std      0x080038c8       0x48 C:\Program Files (x86)\gcc-arm-none-eabi-10.3-2021.10\arm-none-eabi\lib\thumb\v6-m\nofp\libc_nano.a(lib_a-findfp.o)
 .text._cleanup_r
                0x08003910       0x10 C:\Program Files (x86)\gcc-arm-none-eabi-10.3-2021.10\arm-none-eabi\lib\thumb\v6-m\nofp\libc_nano.a(lib_a-findfp.o)
                0x08003910                _cleanup_r
 .text.__fp_lock
                0x08003920       0x18 C:\Program Files (x86)\gcc-arm-none-eabi-10.3-2021.10\arm-none-eabi\lib\thumb\v6-m\nofp\libc_nano.a(lib_a-findfp.o)
 .text.__fp_unlock
                0x08003938       0x18 C:\Program Files (x86)\gcc-arm-none-eabi-10.3-2021.10\arm-none-eabi\lib\thumb\v6-m\nofp\libc_nano.a(lib_a-findfp.o)
 .text.__sfmoreglue
                0x08003950       0x2c C:\Program Files (x86)\gcc-arm-none-eabi-10.3-2021.10\arm-none-eabi\lib\thumb\v6-m\nofp\libc_nano.a(lib_a-findfp.o)
                0x08003950                __sfmoreglue
 .text._cleanup
                0x0800397c       0x10 C:\Program Files (x86)\gcc-arm-none-eabi-10.3-2021.10\arm-none-eabi\lib\thumb\v6-m\nofp\libc_nano.a(lib_a-findfp.o)
                0x0800397c                _cleanup
 .text.__sfp_lock_acquire
                0x0800398c       0x10 C:\Program Files (x86)\gcc-arm-none-eabi-10.3-2021.10\arm-none-eabi\lib\thumb\v6-m\nofp\libc_nano.a(lib_a-findfp.o)
                0x0800398c                __sfp_lock_acquire
 .text.__sfp_lock_release
                0x0800399c       0x10 C:\Program Files (x86)\gcc-arm-none-eabi-10.3-2021.10\arm-none-eabi\lib\thumb\v6-m\nofp\libc_nano.a(lib_a-findfp.o)
                0x0800399c                __sfp_lock_release
 .text.__sinit_lock_acquire
                0x080039ac       0x10 C:\Program Files (x86)\gcc-arm-none-eabi-10.3-2021.10\arm-none-eabi\lib\thumb\v6-m\nofp\libc_nano.a(lib_a-findfp.o)
                0x080039ac                __sinit_lock_acquire
 .text.__sinit_lock_release
                0x080039bc       0x10 C:\Program Files (x86)\gcc-arm-none-eabi-10.3-2021.10\arm-none-eabi\lib\thumb\v6-m\nofp\libc_nano.a(lib_a-findfp.o)
                0x080039bc                __sinit_lock_release
 .text.__sinit  0x080039cc       0x70 C:\Program Files (x86)\gcc-arm-none-eabi-10.3-2021.10\arm-none-eabi\lib\thumb\v6-m\nofp\libc_nano.a(lib_a-findfp.o)
                0x080039cc                __sinit
 .text.__sfp    0x08003a3c       0x90 C:\Program Files (x86)\gcc-arm-none-eabi-10.3-2021.10\arm-none-eabi\lib\thumb\v6-m\nofp\libc_nano.a(lib_a-findfp.o)
                0x08003a3c                __sfp
 .text.__fp_lock_all
                0x08003acc       0x1c C:\Program Files (x86)\gcc-arm-none-eabi-10.3-2021.10\arm-none-eabi\lib\thumb\v6-m\nofp\libc_nano.a(lib_a-findfp.o)
                0x08003acc                __fp_lock_all
 .text.__fp_unlock_all
                0x08003ae8       0x1c C:\Program Files (x86)\gcc-arm-none-eabi-10.3-2021.10\arm-none-eabi\lib\thumb\v6-m\nofp\libc_nano.a(lib_a-findfp.o)
                0x08003ae8                __fp_unlock_all
 .text          0x08003b04        0x0 C:\Program Files (x86)\gcc-arm-none-eabi-10.3-2021.10\arm-none-eabi\lib\thumb\v6-m\nofp\libc_nano.a(lib_a-fwalk.o)
 .text._fwalk   0x08003b04       0x36 C:\Program Files (x86)\gcc-arm-none-eabi-10.3-2021.10\arm-none-eabi\lib\thumb\v6-m\nofp\libc_nano.a(lib_a-fwalk.o)
                0x08003b04                _fwalk
 .text._fwalk_reent
                0x08003b3a       0x40 C:\Program Files (x86)\gcc-arm-none-eabi-10.3-2021.10\arm-none-eabi\lib\thumb\v6-m\nofp\libc_nano.a(lib_a-fwalk.o)
                0x08003b3a                _fwalk_reent
 .text          0x08003b7a        0x0 C:\Program Files (x86)\gcc-arm-none-eabi-10.3-2021.10\arm-none-eabi\lib\thumb\v6-m\nofp\libc_nano.a(lib_a-impure.o)
 .text          0x08003b7a        0x0 C:\Program Files (x86)\gcc-arm-none-eabi-10.3-2021.10\arm-none-eabi\lib\thumb\v6-m\nofp\libc_nano.a(lib_a-lock.o)
 .text.__retarget_lock_init
                0x08003b7a        0x2 C:\Program Files (x86)\gcc-arm-none-eabi-10.3-2021.10\arm-none-eabi\lib\thumb\v6-m\nofp\libc_nano.a(lib_a-lock.o)
                0x08003b7a                __retarget_lock_init
 .text.__retarget_lock_init_recursive
                0x08003b7c        0x2 C:\Program Files (x86)\gcc-arm-none-eabi-10.3-2021.10\arm-none-eabi\lib\thumb\v6-m\nofp\libc_nano.a(lib_a-lock.o)
                0x08003b7c                __retarget_lock_init_recursive
 .text.__retarget_lock_close
                0x08003b7e        0x2 C:\Program Files (x86)\gcc-arm-none-eabi-10.3-2021.10\arm-none-eabi\lib\thumb\v6-m\nofp\libc_nano.a(lib_a-lock.o)
                0x08003b7e                __retarget_lock_close
 .text.__retarget_lock_close_recursive
                0x08003b80        0x2 C:\Program Files (x86)\gcc-arm-none-eabi-10.3-2021.10\arm-none-eabi\lib\thumb\v6-m\nofp\libc_nano.a(lib_a-lock.o)
                0x08003b80                __retarget_lock_close_recursive
 .text.__retarget_lock_acquire
                0x08003b82        0x2 C:\Program Files (x86)\gcc-arm-none-eabi-10.3-2021.10\arm-none-eabi\lib\thumb\v6-m\nofp\libc_nano.a(lib_a-lock.o)
                0x08003b82                __retarget_lock_acquire
 .text.__retarget_lock_acquire_recursive
                0x08003b84        0x2 C:\Program Files (x86)\gcc-arm-none-eabi-10.3-2021.10\arm-none-eabi\lib\thumb\v6-m\nofp\libc_nano.a(lib_a-lock.o)
                0x08003b84                __retarget_lock_acquire_recursive
 .text.__retarget_lock_try_acquire
                0x08003b86        0x4 C:\Program Files (x86)\gcc-arm-none-eabi-10.3-2021.10\arm-none-eabi\lib\thumb\v6-m\nofp\libc_nano.a(lib_a-lock.o)
                0x08003b86                __retarget_lock_try_acquire
 .text.__retarget_lock_try_acquire_recursive
                0x08003b8a        0x4 C:\Program Files (x86)\gcc-arm-none-eabi-10.3-2021.10\arm-none-eabi\lib\thumb\v6-m\nofp\libc_nano.a(lib_a-lock.o)
                0x08003b8a                __retarget_lock_try_acquire_recursive
 .text.__retarget_lock_release
                0x08003b8e        0x2 C:\Program Files (x86)\gcc-arm-none-eabi-10.3-2021.10\arm-none-eabi\lib\thumb\v6-m\nofp\libc_nano.a(lib_a-lock.o)
                0x08003b8e                __retarget_lock_release
 .text.__retarget_lock_release_recursive
                0x08003b90        0x2 C:\Program Files (x86)\gcc-arm-none-eabi-10.3-2021.10\arm-none-eabi\lib\thumb\v6-m\nofp\libc_nano.a(lib_a-lock.o)
                0x08003b90                __retarget_lock_release_recursive
 .text          0x08003b92        0x0 C:\Program Files (x86)\gcc-arm-none-eabi-10.3-2021.10\arm-none-eabi\lib\thumb\v6-m\nofp\libc_nano.a(lib_a-memset.o)
 .text.memset   0x08003b92       0x10 C:\Program Files (x86)\gcc-arm-none-eabi-10.3-2021.10\arm-none-eabi\lib\thumb\v6-m\nofp\libc_nano.a(lib_a-memset.o)
                0x08003b92                memset
 .text          0x08003ba2        0x0 C:\Program Files (x86)\gcc-arm-none-eabi-10.3-2021.10\arm-none-eabi\lib\thumb\v6-m\nofp\libc_nano.a(lib_a-nano-freer.o)
 *fill*         0x08003ba2        0x2 
 .text._free_r  0x08003ba4       0x94 C:\Program Files (x86)\gcc-arm-none-eabi-10.3-2021.10\arm-none-eabi\lib\thumb\v6-m\nofp\libc_nano.a(lib_a-nano-freer.o)
                0x08003ba4                _free_r
 .text          0x08003c38        0x0 C:\Program Files (x86)\gcc-arm-none-eabi-10.3-2021.10\arm-none-eabi\lib\thumb\v6-m\nofp\libc_nano.a(lib_a-nano-mallocr.o)
 .text.sbrk_aligned
                0x08003c38       0x44 C:\Program Files (x86)\gcc-arm-none-eabi-10.3-2021.10\arm-none-eabi\lib\thumb\v6-m\nofp\libc_nano.a(lib_a-nano-mallocr.o)
 .text._malloc_r
                0x08003c7c       0xec C:\Program Files (x86)\gcc-arm-none-eabi-10.3-2021.10\arm-none-eabi\lib\thumb\v6-m\nofp\libc_nano.a(lib_a-nano-mallocr.o)
                0x08003c7c                _malloc_r
 .text          0x08003d68        0x0 C:\Program Files (x86)\gcc-arm-none-eabi-10.3-2021.10\arm-none-eabi\lib\thumb\v6-m\nofp\libc_nano.a(lib_a-printf.o)
 .text._printf_r
                0x08003d68       0x28 C:\Program Files (x86)\gcc-arm-none-eabi-10.3-2021.10\arm-none-eabi\lib\thumb\v6-m\nofp\libc_nano.a(lib_a-printf.o)
                0x08003d68                _iprintf_r
                0x08003d68                _printf_r
 .text.printf   0x08003d90       0x34 C:\Program Files (x86)\gcc-arm-none-eabi-10.3-2021.10\arm-none-eabi\lib\thumb\v6-m\nofp\libc_nano.a(lib_a-printf.o)
                0x08003d90                iprintf
                0x08003d90                printf
 .text          0x08003dc4        0x0 C:\Program Files (x86)\gcc-arm-none-eabi-10.3-2021.10\arm-none-eabi\lib\thumb\v6-m\nofp\libc_nano.a(lib_a-puts.o)
 .text._puts_r  0x08003dc4       0xe4 C:\Program Files (x86)\gcc-arm-none-eabi-10.3-2021.10\arm-none-eabi\lib\thumb\v6-m\nofp\libc_nano.a(lib_a-puts.o)
                0x08003dc4                _puts_r
 .text.puts     0x08003ea8       0x14 C:\Program Files (x86)\gcc-arm-none-eabi-10.3-2021.10\arm-none-eabi\lib\thumb\v6-m\nofp\libc_nano.a(lib_a-puts.o)
                0x08003ea8                puts
 .text          0x08003ebc        0x0 C:\Program Files (x86)\gcc-arm-none-eabi-10.3-2021.10\arm-none-eabi\lib\thumb\v6-m\nofp\libc_nano.a(lib_a-sbrkr.o)
 .text._sbrk_r  0x08003ebc       0x24 C:\Program Files (x86)\gcc-arm-none-eabi-10.3-2021.10\arm-none-eabi\lib\thumb\v6-m\nofp\libc_nano.a(lib_a-sbrkr.o)
                0x08003ebc                _sbrk_r
 .text          0x08003ee0        0x0 C:\Program Files (x86)\gcc-arm-none-eabi-10.3-2021.10\arm-none-eabi\lib\thumb\v6-m\nofp\libc_nano.a(lib_a-sprintf.o)
 .text._sprintf_r
                0x08003ee0       0x38 C:\Program Files (x86)\gcc-arm-none-eabi-10.3-2021.10\arm-none-eabi\lib\thumb\v6-m\nofp\libc_nano.a(lib_a-sprintf.o)
                0x08003ee0                _sprintf_r
                0x08003ee0                _siprintf_r
 .text.sprintf  0x08003f18       0x40 C:\Program Files (x86)\gcc-arm-none-eabi-10.3-2021.10\arm-none-eabi\lib\thumb\v6-m\nofp\libc_nano.a(lib_a-sprintf.o)
                0x08003f18                siprintf
                0x08003f18                sprintf
 .text          0x08003f58        0x0 C:\Program Files (x86)\gcc-arm-none-eabi-10.3-2021.10\arm-none-eabi\lib\thumb\v6-m\nofp\libc_nano.a(lib_a-stdio.o)
 .text.__sread  0x08003f58       0x28 C:\Program Files (x86)\gcc-arm-none-eabi-10.3-2021.10\arm-none-eabi\lib\thumb\v6-m\nofp\libc_nano.a(lib_a-stdio.o)
                0x08003f58                __sread
 .text.__seofread
                0x08003f80        0x4 C:\Program Files (x86)\gcc-arm-none-eabi-10.3-2021.10\arm-none-eabi\lib\thumb\v6-m\nofp\libc_nano.a(lib_a-stdio.o)
                0x08003f80                __seofread
 .text.__swrite
                0x08003f84       0x38 C:\Program Files (x86)\gcc-arm-none-eabi-10.3-2021.10\arm-none-eabi\lib\thumb\v6-m\nofp\libc_nano.a(lib_a-stdio.o)
                0x08003f84                __swrite
 .text.__sseek  0x08003fbc       0x2c C:\Program Files (x86)\gcc-arm-none-eabi-10.3-2021.10\arm-none-eabi\lib\thumb\v6-m\nofp\libc_nano.a(lib_a-stdio.o)
                0x08003fbc                __sseek
 .text.__sclose
                0x08003fe8        0xc C:\Program Files (x86)\gcc-arm-none-eabi-10.3-2021.10\arm-none-eabi\lib\thumb\v6-m\nofp\libc_nano.a(lib_a-stdio.o)
                0x08003fe8                __sclose
 .text          0x08003ff4        0x0 C:\Program Files (x86)\gcc-arm-none-eabi-10.3-2021.10\arm-none-eabi\lib\thumb\v6-m\nofp\libc_nano.a(lib_a-wbuf.o)
 .text.__swbuf_r
                0x08003ff4       0xac C:\Program Files (x86)\gcc-arm-none-eabi-10.3-2021.10\arm-none-eabi\lib\thumb\v6-m\nofp\libc_nano.a(lib_a-wbuf.o)
                0x08003ff4                __swbuf_r
 .text.__swbuf  0x080040a0       0x14 C:\Program Files (x86)\gcc-arm-none-eabi-10.3-2021.10\arm-none-eabi\lib\thumb\v6-m\nofp\libc_nano.a(lib_a-wbuf.o)
                0x080040a0                __swbuf
 .text          0x080040b4        0x0 C:\Program Files (x86)\gcc-arm-none-eabi-10.3-2021.10\arm-none-eabi\lib\thumb\v6-m\nofp\libc_nano.a(lib_a-writer.o)
 .text._write_r
                0x080040b4       0x28 C:\Program Files (x86)\gcc-arm-none-eabi-10.3-2021.10\arm-none-eabi\lib\thumb\v6-m\nofp\libc_nano.a(lib_a-writer.o)
                0x080040b4                _write_r
 .text          0x080040dc        0x0 C:\Program Files (x86)\gcc-arm-none-eabi-10.3-2021.10\arm-none-eabi\lib\thumb\v6-m\nofp\libc_nano.a(lib_a-wsetup.o)
 .text.__swsetup_r
                0x080040dc       0xf0 C:\Program Files (x86)\gcc-arm-none-eabi-10.3-2021.10\arm-none-eabi\lib\thumb\v6-m\nofp\libc_nano.a(lib_a-wsetup.o)
                0x080040dc                __swsetup_r
 .text          0x080041cc        0x0 C:\Program Files (x86)\gcc-arm-none-eabi-10.3-2021.10\arm-none-eabi\lib\thumb\v6-m\nofp\libc_nano.a(lib_a-closer.o)
 .text._close_r
                0x080041cc       0x24 C:\Program Files (x86)\gcc-arm-none-eabi-10.3-2021.10\arm-none-eabi\lib\thumb\v6-m\nofp\libc_nano.a(lib_a-closer.o)
                0x080041cc                _close_r
 .text          0x080041f0        0x0 C:\Program Files (x86)\gcc-arm-none-eabi-10.3-2021.10\arm-none-eabi\lib\thumb\v6-m\nofp\libc_nano.a(lib_a-lseekr.o)
 .text._lseek_r
                0x080041f0       0x28 C:\Program Files (x86)\gcc-arm-none-eabi-10.3-2021.10\arm-none-eabi\lib\thumb\v6-m\nofp\libc_nano.a(lib_a-lseekr.o)
                0x080041f0                _lseek_r
 .text          0x08004218        0x0 C:\Program Files (x86)\gcc-arm-none-eabi-10.3-2021.10\arm-none-eabi\lib\thumb\v6-m\nofp\libc_nano.a(lib_a-makebuf.o)
 .text.__swhatbuf_r
                0x08004218       0x50 C:\Program Files (x86)\gcc-arm-none-eabi-10.3-2021.10\arm-none-eabi\lib\thumb\v6-m\nofp\libc_nano.a(lib_a-makebuf.o)
                0x08004218                __swhatbuf_r
 .text.__smakebuf_r
                0x08004268       0x88 C:\Program Files (x86)\gcc-arm-none-eabi-10.3-2021.10\arm-none-eabi\lib\thumb\v6-m\nofp\libc_nano.a(lib_a-makebuf.o)
                0x08004268                __smakebuf_r
 .text          0x080042f0        0x0 C:\Program Files (x86)\gcc-arm-none-eabi-10.3-2021.10\arm-none-eabi\lib\thumb\v6-m\nofp\libc_nano.a(lib_a-mlock.o)
 .text.__malloc_lock
                0x080042f0       0x10 C:\Program Files (x86)\gcc-arm-none-eabi-10.3-2021.10\arm-none-eabi\lib\thumb\v6-m\nofp\libc_nano.a(lib_a-mlock.o)
                0x080042f0                __malloc_lock
 .text.__malloc_unlock
                0x08004300       0x10 C:\Program Files (x86)\gcc-arm-none-eabi-10.3-2021.10\arm-none-eabi\lib\thumb\v6-m\nofp\libc_nano.a(lib_a-mlock.o)
                0x08004300                __malloc_unlock
 .text          0x08004310        0x0 C:\Program Files (x86)\gcc-arm-none-eabi-10.3-2021.10\arm-none-eabi\lib\thumb\v6-m\nofp\libc_nano.a(lib_a-nano-svfprintf.o)
 .text.__ssputs_r
                0x08004310       0xc4 C:\Program Files (x86)\gcc-arm-none-eabi-10.3-2021.10\arm-none-eabi\lib\thumb\v6-m\nofp\libc_nano.a(lib_a-nano-svfprintf.o)
                0x08004310                __ssputs_r
 .text.__ssprint_r
                0x080043d4      0x100 C:\Program Files (x86)\gcc-arm-none-eabi-10.3-2021.10\arm-none-eabi\lib\thumb\v6-m\nofp\libc_nano.a(lib_a-nano-svfprintf.o)
                0x080043d4                __ssprint_r
 .text._svfprintf_r
                0x080044d4      0x200 C:\Program Files (x86)\gcc-arm-none-eabi-10.3-2021.10\arm-none-eabi\lib\thumb\v6-m\nofp\libc_nano.a(lib_a-nano-svfprintf.o)
                0x080044d4                _svfiprintf_r
                0x080044d4                _svfprintf_r
 .text          0x080046d4        0x0 C:\Program Files (x86)\gcc-arm-none-eabi-10.3-2021.10\arm-none-eabi\lib\thumb\v6-m\nofp\libc_nano.a(lib_a-nano-vfprintf.o)
 .text.__sfputc_r
                0x080046d4       0x2a C:\Program Files (x86)\gcc-arm-none-eabi-10.3-2021.10\arm-none-eabi\lib\thumb\v6-m\nofp\libc_nano.a(lib_a-nano-vfprintf.o)
 .text.__sfputs_r
                0x080046fe       0x24 C:\Program Files (x86)\gcc-arm-none-eabi-10.3-2021.10\arm-none-eabi\lib\thumb\v6-m\nofp\libc_nano.a(lib_a-nano-vfprintf.o)
                0x080046fe                __sfputs_r
 .text.__sprint_r
                0x08004722       0x1c C:\Program Files (x86)\gcc-arm-none-eabi-10.3-2021.10\arm-none-eabi\lib\thumb\v6-m\nofp\libc_nano.a(lib_a-nano-vfprintf.o)
                0x08004722                __sprint_r
 *fill*         0x0800473e        0x2 
 .text._vfprintf_r
                0x08004740      0x274 C:\Program Files (x86)\gcc-arm-none-eabi-10.3-2021.10\arm-none-eabi\lib\thumb\v6-m\nofp\libc_nano.a(lib_a-nano-vfprintf.o)
                0x08004740                _vfprintf_r
                0x08004740                _vfiprintf_r
 .text.vfprintf
                0x080049b4       0x18 C:\Program Files (x86)\gcc-arm-none-eabi-10.3-2021.10\arm-none-eabi\lib\thumb\v6-m\nofp\libc_nano.a(lib_a-nano-vfprintf.o)
                0x080049b4                vfprintf
                0x080049b4                vfiprintf
 .text          0x080049cc        0x0 C:\Program Files (x86)\gcc-arm-none-eabi-10.3-2021.10\arm-none-eabi\lib\thumb\v6-m\nofp\libc_nano.a(lib_a-nano-vfprintf_i.o)
 .text._printf_common
                0x080049cc       0xde C:\Program Files (x86)\gcc-arm-none-eabi-10.3-2021.10\arm-none-eabi\lib\thumb\v6-m\nofp\libc_nano.a(lib_a-nano-vfprintf_i.o)
                0x080049cc                _printf_common
 *fill*         0x08004aaa        0x2 
 .text._printf_i
                0x08004aac      0x224 C:\Program Files (x86)\gcc-arm-none-eabi-10.3-2021.10\arm-none-eabi\lib\thumb\v6-m\nofp\libc_nano.a(lib_a-nano-vfprintf_i.o)
                0x08004aac                _printf_i
 .text          0x08004cd0        0x0 C:\Program Files (x86)\gcc-arm-none-eabi-10.3-2021.10\arm-none-eabi\lib\thumb\v6-m\nofp\libc_nano.a(lib_a-readr.o)
 .text._read_r  0x08004cd0       0x28 C:\Program Files (x86)\gcc-arm-none-eabi-10.3-2021.10\arm-none-eabi\lib\thumb\v6-m\nofp\libc_nano.a(lib_a-readr.o)
                0x08004cd0                _read_r
 .text          0x08004cf8        0x0 C:\Program Files (x86)\gcc-arm-none-eabi-10.3-2021.10\arm-none-eabi\lib\thumb\v6-m\nofp\libc_nano.a(lib_a-fstatr.o)
 .text._fstat_r
                0x08004cf8       0x24 C:\Program Files (x86)\gcc-arm-none-eabi-10.3-2021.10\arm-none-eabi\lib\thumb\v6-m\nofp\libc_nano.a(lib_a-fstatr.o)
                0x08004cf8                _fstat_r
 .text          0x08004d1c        0x0 C:\Program Files (x86)\gcc-arm-none-eabi-10.3-2021.10\arm-none-eabi\lib\thumb\v6-m\nofp\libc_nano.a(lib_a-fvwrite.o)
 .text.__sfvwrite_r
                0x08004d1c      0x2d0 C:\Program Files (x86)\gcc-arm-none-eabi-10.3-2021.10\arm-none-eabi\lib\thumb\v6-m\nofp\libc_nano.a(lib_a-fvwrite.o)
                0x08004d1c                __sfvwrite_r
 .text          0x08004fec        0x0 C:\Program Files (x86)\gcc-arm-none-eabi-10.3-2021.10\arm-none-eabi\lib\thumb\v6-m\nofp\libc_nano.a(lib_a-isattyr.o)
 .text._isatty_r
                0x08004fec       0x24 C:\Program Files (x86)\gcc-arm-none-eabi-10.3-2021.10\arm-none-eabi\lib\thumb\v6-m\nofp\libc_nano.a(lib_a-isattyr.o)
                0x08004fec                _isatty_r
 .text          0x08005010        0x0 C:\Program Files (x86)\gcc-arm-none-eabi-10.3-2021.10\arm-none-eabi\lib\thumb\v6-m\nofp\libc_nano.a(lib_a-memchr-stub.o)
 .text.memchr   0x08005010       0x16 C:\Program Files (x86)\gcc-arm-none-eabi-10.3-2021.10\arm-none-eabi\lib\thumb\v6-m\nofp\libc_nano.a(lib_a-memchr-stub.o)
                0x08005010                memchr
 .text          0x08005026        0x0 C:\Program Files (x86)\gcc-arm-none-eabi-10.3-2021.10\arm-none-eabi\lib\thumb\v6-m\nofp\libc_nano.a(lib_a-memcpy-stub.o)
 .text.memcpy   0x08005026       0x12 C:\Program Files (x86)\gcc-arm-none-eabi-10.3-2021.10\arm-none-eabi\lib\thumb\v6-m\nofp\libc_nano.a(lib_a-memcpy-stub.o)
                0x08005026                memcpy
 .text          0x08005038        0x0 C:\Program Files (x86)\gcc-arm-none-eabi-10.3-2021.10\arm-none-eabi\lib\thumb\v6-m\nofp\libc_nano.a(lib_a-memmove.o)
 .text.memmove  0x08005038       0x26 C:\Program Files (x86)\gcc-arm-none-eabi-10.3-2021.10\arm-none-eabi\lib\thumb\v6-m\nofp\libc_nano.a(lib_a-memmove.o)
                0x08005038                memmove
 .text          0x0800505e        0x0 C:\Program Files (x86)\gcc-arm-none-eabi-10.3-2021.10\arm-none-eabi\lib\thumb\v6-m\nofp\libc_nano.a(lib_a-nano-reallocr.o)
 .text._realloc_r
                0x0800505e       0x5e C:\Program Files (x86)\gcc-arm-none-eabi-10.3-2021.10\arm-none-eabi\lib\thumb\v6-m\nofp\libc_nano.a(lib_a-nano-reallocr.o)
                0x0800505e                _realloc_r
 .text          0x080050bc        0x0 C:\Program Files (x86)\gcc-arm-none-eabi-10.3-2021.10\arm-none-eabi\lib\thumb\v6-m\nofp\libc_nano.a(lib_a-nano-msizer.o)
 .text._malloc_usable_size_r
                0x080050bc       0x10 C:\Program Files (x86)\gcc-arm-none-eabi-10.3-2021.10\arm-none-eabi\lib\thumb\v6-m\nofp\libc_nano.a(lib_a-nano-msizer.o)
                0x080050bc                _malloc_usable_size_r
 .text          0x080050cc       0x14 C:\Program Files (x86)\gcc-arm-none-eabi-10.3-2021.10\lib\gcc\arm-none-eabi\10.3.1\thumb\v6-m\nofp\libgcc.a(_thumb1_case_shi.o)
                0x080050cc                __gnu_thumb1_case_shi
 *(.rodata*)
 .rodata        0x080050e0      0x10c main.o
 .rodata        0x080051ec       0x7c startup.o
 .rodata        0x08005268       0x80 C:\Program Files (x86)\gcc-arm-none-eabi-10.3-2021.10\lib\gcc\arm-none-eabi\10.3.1\thumb\v6-m\nofp\libgcc.a(divsf3.o)
 .rodata        0x080052e8       0x40 C:\Program Files (x86)\gcc-arm-none-eabi-10.3-2021.10\lib\gcc\arm-none-eabi\10.3.1\thumb\v6-m\nofp\libgcc.a(mulsf3.o)
 .rodata        0x08005328       0x40 C:\Program Files (x86)\gcc-arm-none-eabi-10.3-2021.10\lib\gcc\arm-none-eabi\10.3.1\thumb\v6-m\nofp\libgcc.a(divdf3.o)
 .rodata        0x08005368       0x40 C:\Program Files (x86)\gcc-arm-none-eabi-10.3-2021.10\lib\gcc\arm-none-eabi\10.3.1\thumb\v6-m\nofp\libgcc.a(muldf3.o)
 .rodata.__sf_fake_stderr
                0x080053a8       0x20 C:\Program Files (x86)\gcc-arm-none-eabi-10.3-2021.10\arm-none-eabi\lib\thumb\v6-m\nofp\libc_nano.a(lib_a-findfp.o)
                0x080053a8                __sf_fake_stderr
 .rodata.__sf_fake_stdin
                0x080053c8       0x20 C:\Program Files (x86)\gcc-arm-none-eabi-10.3-2021.10\arm-none-eabi\lib\thumb\v6-m\nofp\libc_nano.a(lib_a-findfp.o)
                0x080053c8                __sf_fake_stdin
 .rodata.__sf_fake_stdout
                0x080053e8       0x20 C:\Program Files (x86)\gcc-arm-none-eabi-10.3-2021.10\arm-none-eabi\lib\thumb\v6-m\nofp\libc_nano.a(lib_a-findfp.o)
                0x080053e8                __sf_fake_stdout
 .rodata._global_impure_ptr
                0x08005408        0x4 C:\Program Files (x86)\gcc-arm-none-eabi-10.3-2021.10\arm-none-eabi\lib\thumb\v6-m\nofp\libc_nano.a(lib_a-impure.o)
                0x08005408                _global_impure_ptr
 .rodata._svfprintf_r.str1.1
                0x0800540c       0x11 C:\Program Files (x86)\gcc-arm-none-eabi-10.3-2021.10\arm-none-eabi\lib\thumb\v6-m\nofp\libc_nano.a(lib_a-nano-svfprintf.o)
 .rodata._vfprintf_r.str1.1
                0x0800541d       0x11 C:\Program Files (x86)\gcc-arm-none-eabi-10.3-2021.10\arm-none-eabi\lib\thumb\v6-m\nofp\libc_nano.a(lib_a-nano-vfprintf.o)
 .rodata._printf_i.str1.1
                0x0800541d       0x22 C:\Program Files (x86)\gcc-arm-none-eabi-10.3-2021.10\arm-none-eabi\lib\thumb\v6-m\nofp\libc_nano.a(lib_a-nano-vfprintf_i.o)
                0x08005440                . = ALIGN (0x4)
 *fill*         0x0800543f        0x1 
                0x08005440                PROVIDE (__init_array_start = .)
 *(SORT_BY_NAME(.init_array.*))
 *(.init_array)
                0x08005440                PROVIDE (__init_array_end = .)
                0x08005440                . = ALIGN (0x4)
                0x08005440                _etext = .

.glue_7         0x08005440        0x0
 .glue_7        0x08005440        0x0 linker stubs

.glue_7t        0x08005440        0x0
 .glue_7t       0x08005440        0x0 linker stubs

.vfp11_veneer   0x08005440        0x0
 .vfp11_veneer  0x08005440        0x0 linker stubs

.v4_bx          0x08005440        0x0
 .v4_bx         0x08005440        0x0 linker stubs

.iplt           0x08005440        0x0
 .iplt          0x08005440        0x0 main.o

.rel.dyn        0x08005440        0x0
 .rel.iplt      0x08005440        0x0 main.o

.data           0x20000000       0x68 load address 0x08005440
                0x20000000                . = ALIGN (0x4)
                0x20000000                _data = .
 *(.data*)
 .data          0x20000000        0x0 main.o
 .data          0x20000000        0x0 serial.o
 .data          0x20000000        0x0 UART2.o
 .data          0x20000000        0x0 startup.o
 .data          0x20000000        0x4 newlib_stubs.o
                0x20000000                environ
 .data          0x20000004        0x0 C:\Program Files (x86)\gcc-arm-none-eabi-10.3-2021.10\arm-none-eabi\lib\thumb\v6-m\nofp\libnosys.a(errno.o)
 .data          0x20000004        0x0 C:\Program Files (x86)\gcc-arm-none-eabi-10.3-2021.10\lib\gcc\arm-none-eabi\10.3.1\thumb\v6-m\nofp\libgcc.a(_divsi3.o)
 .data          0x20000004        0x0 C:\Program Files (x86)\gcc-arm-none-eabi-10.3-2021.10\lib\gcc\arm-none-eabi\10.3.1\thumb\v6-m\nofp\libgcc.a(_dvmd_tls.o)
 .data          0x20000004        0x0 C:\Program Files (x86)\gcc-arm-none-eabi-10.3-2021.10\lib\gcc\arm-none-eabi\10.3.1\thumb\v6-m\nofp\libgcc.a(divsf3.o)
 .data          0x20000004        0x0 C:\Program Files (x86)\gcc-arm-none-eabi-10.3-2021.10\lib\gcc\arm-none-eabi\10.3.1\thumb\v6-m\nofp\libgcc.a(mulsf3.o)
 .data          0x20000004        0x0 C:\Program Files (x86)\gcc-arm-none-eabi-10.3-2021.10\lib\gcc\arm-none-eabi\10.3.1\thumb\v6-m\nofp\libgcc.a(floatsisf.o)
 .data          0x20000004        0x0 C:\Program Files (x86)\gcc-arm-none-eabi-10.3-2021.10\lib\gcc\arm-none-eabi\10.3.1\thumb\v6-m\nofp\libgcc.a(divdf3.o)
 .data          0x20000004        0x0 C:\Program Files (x86)\gcc-arm-none-eabi-10.3-2021.10\lib\gcc\arm-none-eabi\10.3.1\thumb\v6-m\nofp\libgcc.a(muldf3.o)
 .data          0x20000004        0x0 C:\Program Files (x86)\gcc-arm-none-eabi-10.3-2021.10\lib\gcc\arm-none-eabi\10.3.1\thumb\v6-m\nofp\libgcc.a(subdf3.o)
 .data          0x20000004        0x0 C:\Program Files (x86)\gcc-arm-none-eabi-10.3-2021.10\lib\gcc\arm-none-eabi\10.3.1\thumb\v6-m\nofp\libgcc.a(fixdfsi.o)
 .data          0x20000004        0x0 C:\Program Files (x86)\gcc-arm-none-eabi-10.3-2021.10\lib\gcc\arm-none-eabi\10.3.1\thumb\v6-m\nofp\libgcc.a(extendsfdf2.o)
 .data          0x20000004        0x0 C:\Program Files (x86)\gcc-arm-none-eabi-10.3-2021.10\lib\gcc\arm-none-eabi\10.3.1\thumb\v6-m\nofp\libgcc.a(_udivsi3.o)
 .data          0x20000004        0x0 C:\Program Files (x86)\gcc-arm-none-eabi-10.3-2021.10\lib\gcc\arm-none-eabi\10.3.1\thumb\v6-m\nofp\libgcc.a(_clzsi2.o)
 .data          0x20000004        0x0 C:\Program Files (x86)\gcc-arm-none-eabi-10.3-2021.10\arm-none-eabi\lib\thumb\v6-m\nofp\libc_nano.a(lib_a-fflush.o)
 .data          0x20000004        0x0 C:\Program Files (x86)\gcc-arm-none-eabi-10.3-2021.10\arm-none-eabi\lib\thumb\v6-m\nofp\libc_nano.a(lib_a-findfp.o)
 .data          0x20000004        0x0 C:\Program Files (x86)\gcc-arm-none-eabi-10.3-2021.10\arm-none-eabi\lib\thumb\v6-m\nofp\libc_nano.a(lib_a-fwalk.o)
 .data          0x20000004        0x0 C:\Program Files (x86)\gcc-arm-none-eabi-10.3-2021.10\arm-none-eabi\lib\thumb\v6-m\nofp\libc_nano.a(lib_a-impure.o)
 .data._impure_ptr
                0x20000004        0x4 C:\Program Files (x86)\gcc-arm-none-eabi-10.3-2021.10\arm-none-eabi\lib\thumb\v6-m\nofp\libc_nano.a(lib_a-impure.o)
                0x20000004                _impure_ptr
 .data.impure_data
                0x20000008       0x60 C:\Program Files (x86)\gcc-arm-none-eabi-10.3-2021.10\arm-none-eabi\lib\thumb\v6-m\nofp\libc_nano.a(lib_a-impure.o)
 .data          0x20000068        0x0 C:\Program Files (x86)\gcc-arm-none-eabi-10.3-2021.10\arm-none-eabi\lib\thumb\v6-m\nofp\libc_nano.a(lib_a-lock.o)
 .data          0x20000068        0x0 C:\Program Files (x86)\gcc-arm-none-eabi-10.3-2021.10\arm-none-eabi\lib\thumb\v6-m\nofp\libc_nano.a(lib_a-memset.o)
 .data          0x20000068        0x0 C:\Program Files (x86)\gcc-arm-none-eabi-10.3-2021.10\arm-none-eabi\lib\thumb\v6-m\nofp\libc_nano.a(lib_a-nano-freer.o)
 .data          0x20000068        0x0 C:\Program Files (x86)\gcc-arm-none-eabi-10.3-2021.10\arm-none-eabi\lib\thumb\v6-m\nofp\libc_nano.a(lib_a-nano-mallocr.o)
 .data          0x20000068        0x0 C:\Program Files (x86)\gcc-arm-none-eabi-10.3-2021.10\arm-none-eabi\lib\thumb\v6-m\nofp\libc_nano.a(lib_a-printf.o)
 .data          0x20000068        0x0 C:\Program Files (x86)\gcc-arm-none-eabi-10.3-2021.10\arm-none-eabi\lib\thumb\v6-m\nofp\libc_nano.a(lib_a-puts.o)
 .data          0x20000068        0x0 C:\Program Files (x86)\gcc-arm-none-eabi-10.3-2021.10\arm-none-eabi\lib\thumb\v6-m\nofp\libc_nano.a(lib_a-sbrkr.o)
 .data          0x20000068        0x0 C:\Program Files (x86)\gcc-arm-none-eabi-10.3-2021.10\arm-none-eabi\lib\thumb\v6-m\nofp\libc_nano.a(lib_a-sprintf.o)
 .data          0x20000068        0x0 C:\Program Files (x86)\gcc-arm-none-eabi-10.3-2021.10\arm-none-eabi\lib\thumb\v6-m\nofp\libc_nano.a(lib_a-stdio.o)
 .data          0x20000068        0x0 C:\Program Files (x86)\gcc-arm-none-eabi-10.3-2021.10\arm-none-eabi\lib\thumb\v6-m\nofp\libc_nano.a(lib_a-wbuf.o)
 .data          0x20000068        0x0 C:\Program Files (x86)\gcc-arm-none-eabi-10.3-2021.10\arm-none-eabi\lib\thumb\v6-m\nofp\libc_nano.a(lib_a-writer.o)
 .data          0x20000068        0x0 C:\Program Files (x86)\gcc-arm-none-eabi-10.3-2021.10\arm-none-eabi\lib\thumb\v6-m\nofp\libc_nano.a(lib_a-wsetup.o)
 .data          0x20000068        0x0 C:\Program Files (x86)\gcc-arm-none-eabi-10.3-2021.10\arm-none-eabi\lib\thumb\v6-m\nofp\libc_nano.a(lib_a-closer.o)
 .data          0x20000068        0x0 C:\Program Files (x86)\gcc-arm-none-eabi-10.3-2021.10\arm-none-eabi\lib\thumb\v6-m\nofp\libc_nano.a(lib_a-lseekr.o)
 .data          0x20000068        0x0 C:\Program Files (x86)\gcc-arm-none-eabi-10.3-2021.10\arm-none-eabi\lib\thumb\v6-m\nofp\libc_nano.a(lib_a-makebuf.o)
 .data          0x20000068        0x0 C:\Program Files (x86)\gcc-arm-none-eabi-10.3-2021.10\arm-none-eabi\lib\thumb\v6-m\nofp\libc_nano.a(lib_a-mlock.o)
 .data          0x20000068        0x0 C:\Program Files (x86)\gcc-arm-none-eabi-10.3-2021.10\arm-none-eabi\lib\thumb\v6-m\nofp\libc_nano.a(lib_a-nano-svfprintf.o)
 .data          0x20000068        0x0 C:\Program Files (x86)\gcc-arm-none-eabi-10.3-2021.10\arm-none-eabi\lib\thumb\v6-m\nofp\libc_nano.a(lib_a-nano-vfprintf.o)
 .data          0x20000068        0x0 C:\Program Files (x86)\gcc-arm-none-eabi-10.3-2021.10\arm-none-eabi\lib\thumb\v6-m\nofp\libc_nano.a(lib_a-nano-vfprintf_i.o)
 .data          0x20000068        0x0 C:\Program Files (x86)\gcc-arm-none-eabi-10.3-2021.10\arm-none-eabi\lib\thumb\v6-m\nofp\libc_nano.a(lib_a-readr.o)
 .data          0x20000068        0x0 C:\Program Files (x86)\gcc-arm-none-eabi-10.3-2021.10\arm-none-eabi\lib\thumb\v6-m\nofp\libc_nano.a(lib_a-fstatr.o)
 .data          0x20000068        0x0 C:\Program Files (x86)\gcc-arm-none-eabi-10.3-2021.10\arm-none-eabi\lib\thumb\v6-m\nofp\libc_nano.a(lib_a-fvwrite.o)
 .data          0x20000068        0x0 C:\Program Files (x86)\gcc-arm-none-eabi-10.3-2021.10\arm-none-eabi\lib\thumb\v6-m\nofp\libc_nano.a(lib_a-isattyr.o)
 .data          0x20000068        0x0 C:\Program Files (x86)\gcc-arm-none-eabi-10.3-2021.10\arm-none-eabi\lib\thumb\v6-m\nofp\libc_nano.a(lib_a-memchr-stub.o)
 .data          0x20000068        0x0 C:\Program Files (x86)\gcc-arm-none-eabi-10.3-2021.10\arm-none-eabi\lib\thumb\v6-m\nofp\libc_nano.a(lib_a-memcpy-stub.o)
 .data          0x20000068        0x0 C:\Program Files (x86)\gcc-arm-none-eabi-10.3-2021.10\arm-none-eabi\lib\thumb\v6-m\nofp\libc_nano.a(lib_a-memmove.o)
 .data          0x20000068        0x0 C:\Program Files (x86)\gcc-arm-none-eabi-10.3-2021.10\arm-none-eabi\lib\thumb\v6-m\nofp\libc_nano.a(lib_a-nano-reallocr.o)
 .data          0x20000068        0x0 C:\Program Files (x86)\gcc-arm-none-eabi-10.3-2021.10\arm-none-eabi\lib\thumb\v6-m\nofp\libc_nano.a(lib_a-nano-msizer.o)
 .data          0x20000068        0x0 C:\Program Files (x86)\gcc-arm-none-eabi-10.3-2021.10\lib\gcc\arm-none-eabi\10.3.1\thumb\v6-m\nofp\libgcc.a(_thumb1_case_shi.o)
                0x20000068                . = ALIGN (0x4)
                0x20000068                _edata = .

.igot.plt       0x20000068        0x0 load address 0x080054a8
 .igot.plt      0x20000068        0x0 main.o

.bss            0x20000068      0x168 load address 0x080054a8
                0x20000068                _bss = .
 *(.bss*)
 .bss           0x20000068        0x0 main.o
 .bss           0x20000068       0xa4 serial.o
                0x20000068                ComRXBuffer
                0x200000b4                ComTXBuffer
                0x20000100                ComOpen
                0x20000104                ComError
                0x20000108                ComBusy
 .bss           0x2000010c       0xa4 UART2.o
                0x2000010c                ComRXBuffer2
                0x20000158                ComTXBuffer2
                0x200001a4                ComOpen2
                0x200001a8                ComError2
                0x200001ac                ComBusy2
 .bss           0x200001b0        0x0 startup.o
 .bss           0x200001b0        0x8 newlib_stubs.o
                0x200001b0                __env
 .bss           0x200001b8        0x0 C:\Program Files (x86)\gcc-arm-none-eabi-10.3-2021.10\arm-none-eabi\lib\thumb\v6-m\nofp\libnosys.a(errno.o)
 .bss.errno     0x200001b8        0x4 C:\Program Files (x86)\gcc-arm-none-eabi-10.3-2021.10\arm-none-eabi\lib\thumb\v6-m\nofp\libnosys.a(errno.o)
                0x200001b8                errno
 .bss           0x200001bc        0x0 C:\Program Files (x86)\gcc-arm-none-eabi-10.3-2021.10\lib\gcc\arm-none-eabi\10.3.1\thumb\v6-m\nofp\libgcc.a(_divsi3.o)
 .bss           0x200001bc        0x0 C:\Program Files (x86)\gcc-arm-none-eabi-10.3-2021.10\lib\gcc\arm-none-eabi\10.3.1\thumb\v6-m\nofp\libgcc.a(_dvmd_tls.o)
 .bss           0x200001bc        0x0 C:\Program Files (x86)\gcc-arm-none-eabi-10.3-2021.10\lib\gcc\arm-none-eabi\10.3.1\thumb\v6-m\nofp\libgcc.a(divsf3.o)
 .bss           0x200001bc        0x0 C:\Program Files (x86)\gcc-arm-none-eabi-10.3-2021.10\lib\gcc\arm-none-eabi\10.3.1\thumb\v6-m\nofp\libgcc.a(mulsf3.o)
 .bss           0x200001bc        0x0 C:\Program Files (x86)\gcc-arm-none-eabi-10.3-2021.10\lib\gcc\arm-none-eabi\10.3.1\thumb\v6-m\nofp\libgcc.a(floatsisf.o)
 .bss           0x200001bc        0x0 C:\Program Files (x86)\gcc-arm-none-eabi-10.3-2021.10\lib\gcc\arm-none-eabi\10.3.1\thumb\v6-m\nofp\libgcc.a(divdf3.o)
 .bss           0x200001bc        0x0 C:\Program Files (x86)\gcc-arm-none-eabi-10.3-2021.10\lib\gcc\arm-none-eabi\10.3.1\thumb\v6-m\nofp\libgcc.a(muldf3.o)
 .bss           0x200001bc        0x0 C:\Program Files (x86)\gcc-arm-none-eabi-10.3-2021.10\lib\gcc\arm-none-eabi\10.3.1\thumb\v6-m\nofp\libgcc.a(subdf3.o)
 .bss           0x200001bc        0x0 C:\Program Files (x86)\gcc-arm-none-eabi-10.3-2021.10\lib\gcc\arm-none-eabi\10.3.1\thumb\v6-m\nofp\libgcc.a(fixdfsi.o)
 .bss           0x200001bc        0x0 C:\Program Files (x86)\gcc-arm-none-eabi-10.3-2021.10\lib\gcc\arm-none-eabi\10.3.1\thumb\v6-m\nofp\libgcc.a(extendsfdf2.o)
 .bss           0x200001bc        0x0 C:\Program Files (x86)\gcc-arm-none-eabi-10.3-2021.10\lib\gcc\arm-none-eabi\10.3.1\thumb\v6-m\nofp\libgcc.a(_udivsi3.o)
 .bss           0x200001bc        0x0 C:\Program Files (x86)\gcc-arm-none-eabi-10.3-2021.10\lib\gcc\arm-none-eabi\10.3.1\thumb\v6-m\nofp\libgcc.a(_clzsi2.o)
 .bss           0x200001bc        0x0 C:\Program Files (x86)\gcc-arm-none-eabi-10.3-2021.10\arm-none-eabi\lib\thumb\v6-m\nofp\libc_nano.a(lib_a-fflush.o)
 .bss           0x200001bc        0x0 C:\Program Files (x86)\gcc-arm-none-eabi-10.3-2021.10\arm-none-eabi\lib\thumb\v6-m\nofp\libc_nano.a(lib_a-findfp.o)
 .bss           0x200001bc        0x0 C:\Program Files (x86)\gcc-arm-none-eabi-10.3-2021.10\arm-none-eabi\lib\thumb\v6-m\nofp\libc_nano.a(lib_a-fwalk.o)
 .bss           0x200001bc        0x0 C:\Program Files (x86)\gcc-arm-none-eabi-10.3-2021.10\arm-none-eabi\lib\thumb\v6-m\nofp\libc_nano.a(lib_a-impure.o)
 .bss           0x200001bc        0x0 C:\Program Files (x86)\gcc-arm-none-eabi-10.3-2021.10\arm-none-eabi\lib\thumb\v6-m\nofp\libc_nano.a(lib_a-lock.o)
 .bss.__lock___arc4random_mutex
                0x200001bc        0x1 C:\Program Files (x86)\gcc-arm-none-eabi-10.3-2021.10\arm-none-eabi\lib\thumb\v6-m\nofp\libc_nano.a(lib_a-lock.o)
                0x200001bc                __lock___arc4random_mutex
 .bss.__lock___at_quick_exit_mutex
                0x200001bd        0x1 C:\Program Files (x86)\gcc-arm-none-eabi-10.3-2021.10\arm-none-eabi\lib\thumb\v6-m\nofp\libc_nano.a(lib_a-lock.o)
                0x200001bd                __lock___at_quick_exit_mutex
 .bss.__lock___atexit_recursive_mutex
                0x200001be        0x1 C:\Program Files (x86)\gcc-arm-none-eabi-10.3-2021.10\arm-none-eabi\lib\thumb\v6-m\nofp\libc_nano.a(lib_a-lock.o)
                0x200001be                __lock___atexit_recursive_mutex
 .bss.__lock___dd_hash_mutex
                0x200001bf        0x1 C:\Program Files (x86)\gcc-arm-none-eabi-10.3-2021.10\arm-none-eabi\lib\thumb\v6-m\nofp\libc_nano.a(lib_a-lock.o)
                0x200001bf                __lock___dd_hash_mutex
 .bss.__lock___env_recursive_mutex
                0x200001c0        0x1 C:\Program Files (x86)\gcc-arm-none-eabi-10.3-2021.10\arm-none-eabi\lib\thumb\v6-m\nofp\libc_nano.a(lib_a-lock.o)
                0x200001c0                __lock___env_recursive_mutex
 .bss.__lock___malloc_recursive_mutex
                0x200001c1        0x1 C:\Program Files (x86)\gcc-arm-none-eabi-10.3-2021.10\arm-none-eabi\lib\thumb\v6-m\nofp\libc_nano.a(lib_a-lock.o)
                0x200001c1                __lock___malloc_recursive_mutex
 .bss.__lock___sfp_recursive_mutex
                0x200001c2        0x1 C:\Program Files (x86)\gcc-arm-none-eabi-10.3-2021.10\arm-none-eabi\lib\thumb\v6-m\nofp\libc_nano.a(lib_a-lock.o)
                0x200001c2                __lock___sfp_recursive_mutex
 .bss.__lock___sinit_recursive_mutex
                0x200001c3        0x1 C:\Program Files (x86)\gcc-arm-none-eabi-10.3-2021.10\arm-none-eabi\lib\thumb\v6-m\nofp\libc_nano.a(lib_a-lock.o)
                0x200001c3                __lock___sinit_recursive_mutex
 .bss.__lock___tz_mutex
                0x200001c4        0x1 C:\Program Files (x86)\gcc-arm-none-eabi-10.3-2021.10\arm-none-eabi\lib\thumb\v6-m\nofp\libc_nano.a(lib_a-lock.o)
                0x200001c4                __lock___tz_mutex
 .bss           0x200001c5        0x0 C:\Program Files (x86)\gcc-arm-none-eabi-10.3-2021.10\arm-none-eabi\lib\thumb\v6-m\nofp\libc_nano.a(lib_a-memset.o)
 .bss           0x200001c5        0x0 C:\Program Files (x86)\gcc-arm-none-eabi-10.3-2021.10\arm-none-eabi\lib\thumb\v6-m\nofp\libc_nano.a(lib_a-nano-freer.o)
 .bss           0x200001c5        0x0 C:\Program Files (x86)\gcc-arm-none-eabi-10.3-2021.10\arm-none-eabi\lib\thumb\v6-m\nofp\libc_nano.a(lib_a-nano-mallocr.o)
 *fill*         0x200001c5        0x3 
 .bss.__malloc_free_list
                0x200001c8        0x4 C:\Program Files (x86)\gcc-arm-none-eabi-10.3-2021.10\arm-none-eabi\lib\thumb\v6-m\nofp\libc_nano.a(lib_a-nano-mallocr.o)
                0x200001c8                __malloc_free_list
 .bss.__malloc_sbrk_start
                0x200001cc        0x4 C:\Program Files (x86)\gcc-arm-none-eabi-10.3-2021.10\arm-none-eabi\lib\thumb\v6-m\nofp\libc_nano.a(lib_a-nano-mallocr.o)
                0x200001cc                __malloc_sbrk_start
 .bss           0x200001d0        0x0 C:\Program Files (x86)\gcc-arm-none-eabi-10.3-2021.10\arm-none-eabi\lib\thumb\v6-m\nofp\libc_nano.a(lib_a-printf.o)
 .bss           0x200001d0        0x0 C:\Program Files (x86)\gcc-arm-none-eabi-10.3-2021.10\arm-none-eabi\lib\thumb\v6-m\nofp\libc_nano.a(lib_a-puts.o)
 .bss           0x200001d0        0x0 C:\Program Files (x86)\gcc-arm-none-eabi-10.3-2021.10\arm-none-eabi\lib\thumb\v6-m\nofp\libc_nano.a(lib_a-sbrkr.o)
 .bss           0x200001d0        0x0 C:\Program Files (x86)\gcc-arm-none-eabi-10.3-2021.10\arm-none-eabi\lib\thumb\v6-m\nofp\libc_nano.a(lib_a-sprintf.o)
 .bss           0x200001d0        0x0 C:\Program Files (x86)\gcc-arm-none-eabi-10.3-2021.10\arm-none-eabi\lib\thumb\v6-m\nofp\libc_nano.a(lib_a-stdio.o)
 .bss           0x200001d0        0x0 C:\Program Files (x86)\gcc-arm-none-eabi-10.3-2021.10\arm-none-eabi\lib\thumb\v6-m\nofp\libc_nano.a(lib_a-wbuf.o)
 .bss           0x200001d0        0x0 C:\Program Files (x86)\gcc-arm-none-eabi-10.3-2021.10\arm-none-eabi\lib\thumb\v6-m\nofp\libc_nano.a(lib_a-writer.o)
 .bss           0x200001d0        0x0 C:\Program Files (x86)\gcc-arm-none-eabi-10.3-2021.10\arm-none-eabi\lib\thumb\v6-m\nofp\libc_nano.a(lib_a-wsetup.o)
 .bss           0x200001d0        0x0 C:\Program Files (x86)\gcc-arm-none-eabi-10.3-2021.10\arm-none-eabi\lib\thumb\v6-m\nofp\libc_nano.a(lib_a-closer.o)
 .bss           0x200001d0        0x0 C:\Program Files (x86)\gcc-arm-none-eabi-10.3-2021.10\arm-none-eabi\lib\thumb\v6-m\nofp\libc_nano.a(lib_a-lseekr.o)
 .bss           0x200001d0        0x0 C:\Program Files (x86)\gcc-arm-none-eabi-10.3-2021.10\arm-none-eabi\lib\thumb\v6-m\nofp\libc_nano.a(lib_a-makebuf.o)
 .bss           0x200001d0        0x0 C:\Program Files (x86)\gcc-arm-none-eabi-10.3-2021.10\arm-none-eabi\lib\thumb\v6-m\nofp\libc_nano.a(lib_a-mlock.o)
 .bss           0x200001d0        0x0 C:\Program Files (x86)\gcc-arm-none-eabi-10.3-2021.10\arm-none-eabi\lib\thumb\v6-m\nofp\libc_nano.a(lib_a-nano-svfprintf.o)
 .bss           0x200001d0        0x0 C:\Program Files (x86)\gcc-arm-none-eabi-10.3-2021.10\arm-none-eabi\lib\thumb\v6-m\nofp\libc_nano.a(lib_a-nano-vfprintf.o)
 .bss           0x200001d0        0x0 C:\Program Files (x86)\gcc-arm-none-eabi-10.3-2021.10\arm-none-eabi\lib\thumb\v6-m\nofp\libc_nano.a(lib_a-nano-vfprintf_i.o)
 .bss           0x200001d0        0x0 C:\Program Files (x86)\gcc-arm-none-eabi-10.3-2021.10\arm-none-eabi\lib\thumb\v6-m\nofp\libc_nano.a(lib_a-readr.o)
 .bss           0x200001d0        0x0 C:\Program Files (x86)\gcc-arm-none-eabi-10.3-2021.10\arm-none-eabi\lib\thumb\v6-m\nofp\libc_nano.a(lib_a-fstatr.o)
 .bss           0x200001d0        0x0 C:\Program Files (x86)\gcc-arm-none-eabi-10.3-2021.10\arm-none-eabi\lib\thumb\v6-m\nofp\libc_nano.a(lib_a-fvwrite.o)
 .bss           0x200001d0        0x0 C:\Program Files (x86)\gcc-arm-none-eabi-10.3-2021.10\arm-none-eabi\lib\thumb\v6-m\nofp\libc_nano.a(lib_a-isattyr.o)
 .bss           0x200001d0        0x0 C:\Program Files (x86)\gcc-arm-none-eabi-10.3-2021.10\arm-none-eabi\lib\thumb\v6-m\nofp\libc_nano.a(lib_a-memchr-stub.o)
 .bss           0x200001d0        0x0 C:\Program Files (x86)\gcc-arm-none-eabi-10.3-2021.10\arm-none-eabi\lib\thumb\v6-m\nofp\libc_nano.a(lib_a-memcpy-stub.o)
 .bss           0x200001d0        0x0 C:\Program Files (x86)\gcc-arm-none-eabi-10.3-2021.10\arm-none-eabi\lib\thumb\v6-m\nofp\libc_nano.a(lib_a-memmove.o)
 .bss           0x200001d0        0x0 C:\Program Files (x86)\gcc-arm-none-eabi-10.3-2021.10\arm-none-eabi\lib\thumb\v6-m\nofp\libc_nano.a(lib_a-nano-reallocr.o)
 .bss           0x200001d0        0x0 C:\Program Files (x86)\gcc-arm-none-eabi-10.3-2021.10\arm-none-eabi\lib\thumb\v6-m\nofp\libc_nano.a(lib_a-nano-msizer.o)
 .bss           0x200001d0        0x0 C:\Program Files (x86)\gcc-arm-none-eabi-10.3-2021.10\lib\gcc\arm-none-eabi\10.3.1\thumb\v6-m\nofp\libgcc.a(_thumb1_case_shi.o)
 *(COMMON)
                0x200001d0                . = ALIGN (0x4)
                0x200001d0                _ebss = .
                [!provide]                PROVIDE (end = .)
                0x200001d0                PROVIDE (_HeapStart = .)
                0x20002000                PROVIDE (_StackTop = (ORIGIN (ram) + LENGTH (ram)))
OUTPUT(main.elf elf32-littlearm)
LOAD linker stubs

.debug_info     0x00000000     0x2bbe
 .debug_info    0x00000000     0x107b main.o
 .debug_info    0x0000107b      0x82d serial.o
 .debug_info    0x000018a8      0x845 UART2.o
 .debug_info    0x000020ed      0x3ad startup.o
 .debug_info    0x0000249a      0x724 newlib_stubs.o

.debug_abbrev   0x00000000      0xa1a
 .debug_abbrev  0x00000000      0x330 main.o
 .debug_abbrev  0x00000330      0x1f5 serial.o
 .debug_abbrev  0x00000525      0x206 UART2.o
 .debug_abbrev  0x0000072b      0x174 startup.o
 .debug_abbrev  0x0000089f      0x17b newlib_stubs.o

.debug_aranges  0x00000000       0xa8
 .debug_aranges
                0x00000000       0x20 main.o
 .debug_aranges
                0x00000020       0x20 serial.o
 .debug_aranges
                0x00000040       0x20 UART2.o
 .debug_aranges
                0x00000060       0x28 startup.o
 .debug_aranges
                0x00000088       0x20 newlib_stubs.o

.debug_line     0x00000000     0x146d
 .debug_line    0x00000000      0x60c main.o
 .debug_line    0x0000060c      0x4b2 serial.o
 .debug_line    0x00000abe      0x49d UART2.o
 .debug_line    0x00000f5b      0x274 startup.o
 .debug_line    0x000011cf      0x29e newlib_stubs.o

.debug_str      0x00000000      0xcb7
 .debug_str     0x00000000      0x779 main.o
                                0x7eb (size before relaxing)
 .debug_str     0x00000779      0x162 serial.o
                                0x3a5 (size before relaxing)
 .debug_str     0x000008db       0xe9 UART2.o
                                0x3b6 (size before relaxing)
 .debug_str     0x000009c4       0xe8 startup.o
                                0x2cd (size before relaxing)
 .debug_str     0x00000aac      0x20b newlib_stubs.o
                                0x3cb (size before relaxing)

.comment        0x00000000       0x49
 .comment       0x00000000       0x49 main.o
                                 0x4a (size before relaxing)
 .comment       0x00000049       0x4a serial.o
 .comment       0x00000049       0x4a UART2.o
 .comment       0x00000049       0x4a startup.o
 .comment       0x00000049       0x4a newlib_stubs.o

.ARM.attributes
                0x00000000       0x2c
 .ARM.attributes
                0x00000000       0x2c main.o
 .ARM.attributes
                0x0000002c       0x2c serial.o
 .ARM.attributes
                0x00000058       0x2c UART2.o
 .ARM.attributes
                0x00000084       0x2c startup.o
 .ARM.attributes
                0x000000b0       0x2c newlib_stubs.o
 .ARM.attributes
                0x000000dc       0x2c C:\Program Files (x86)\gcc-arm-none-eabi-10.3-2021.10\arm-none-eabi\lib\thumb\v6-m\nofp\libnosys.a(errno.o)
 .ARM.attributes
                0x00000108       0x1e C:\Program Files (x86)\gcc-arm-none-eabi-10.3-2021.10\lib\gcc\arm-none-eabi\10.3.1\thumb\v6-m\nofp\libgcc.a(_divsi3.o)
 .ARM.attributes
                0x00000126       0x1e C:\Program Files (x86)\gcc-arm-none-eabi-10.3-2021.10\lib\gcc\arm-none-eabi\10.3.1\thumb\v6-m\nofp\libgcc.a(_dvmd_tls.o)
 .ARM.attributes
                0x00000144       0x2c C:\Program Files (x86)\gcc-arm-none-eabi-10.3-2021.10\lib\gcc\arm-none-eabi\10.3.1\thumb\v6-m\nofp\libgcc.a(divsf3.o)
 .ARM.attributes
                0x00000170       0x2c C:\Program Files (x86)\gcc-arm-none-eabi-10.3-2021.10\lib\gcc\arm-none-eabi\10.3.1\thumb\v6-m\nofp\libgcc.a(mulsf3.o)
 .ARM.attributes
                0x0000019c       0x2c C:\Program Files (x86)\gcc-arm-none-eabi-10.3-2021.10\lib\gcc\arm-none-eabi\10.3.1\thumb\v6-m\nofp\libgcc.a(floatsisf.o)
 .ARM.attributes
                0x000001c8       0x2c C:\Program Files (x86)\gcc-arm-none-eabi-10.3-2021.10\lib\gcc\arm-none-eabi\10.3.1\thumb\v6-m\nofp\libgcc.a(divdf3.o)
 .ARM.attributes
                0x000001f4       0x2c C:\Program Files (x86)\gcc-arm-none-eabi-10.3-2021.10\lib\gcc\arm-none-eabi\10.3.1\thumb\v6-m\nofp\libgcc.a(muldf3.o)
 .ARM.attributes
                0x00000220       0x2c C:\Program Files (x86)\gcc-arm-none-eabi-10.3-2021.10\lib\gcc\arm-none-eabi\10.3.1\thumb\v6-m\nofp\libgcc.a(subdf3.o)
 .ARM.attributes
                0x0000024c       0x2c C:\Program Files (x86)\gcc-arm-none-eabi-10.3-2021.10\lib\gcc\arm-none-eabi\10.3.1\thumb\v6-m\nofp\libgcc.a(fixdfsi.o)
 .ARM.attributes
                0x00000278       0x2c C:\Program Files (x86)\gcc-arm-none-eabi-10.3-2021.10\lib\gcc\arm-none-eabi\10.3.1\thumb\v6-m\nofp\libgcc.a(extendsfdf2.o)
 .ARM.attributes
                0x000002a4       0x1e C:\Program Files (x86)\gcc-arm-none-eabi-10.3-2021.10\lib\gcc\arm-none-eabi\10.3.1\thumb\v6-m\nofp\libgcc.a(_udivsi3.o)
 .ARM.attributes
                0x000002c2       0x1e C:\Program Files (x86)\gcc-arm-none-eabi-10.3-2021.10\lib\gcc\arm-none-eabi\10.3.1\thumb\v6-m\nofp\libgcc.a(_clzsi2.o)
 .ARM.attributes
                0x000002e0       0x2c C:\Program Files (x86)\gcc-arm-none-eabi-10.3-2021.10\arm-none-eabi\lib\thumb\v6-m\nofp\libc_nano.a(lib_a-fflush.o)
 .ARM.attributes
                0x0000030c       0x2c C:\Program Files (x86)\gcc-arm-none-eabi-10.3-2021.10\arm-none-eabi\lib\thumb\v6-m\nofp\libc_nano.a(lib_a-findfp.o)
 .ARM.attributes
                0x00000338       0x2c C:\Program Files (x86)\gcc-arm-none-eabi-10.3-2021.10\arm-none-eabi\lib\thumb\v6-m\nofp\libc_nano.a(lib_a-fwalk.o)
 .ARM.attributes
                0x00000364       0x2c C:\Program Files (x86)\gcc-arm-none-eabi-10.3-2021.10\arm-none-eabi\lib\thumb\v6-m\nofp\libc_nano.a(lib_a-impure.o)
 .ARM.attributes
                0x00000390       0x2c C:\Program Files (x86)\gcc-arm-none-eabi-10.3-2021.10\arm-none-eabi\lib\thumb\v6-m\nofp\libc_nano.a(lib_a-lock.o)
 .ARM.attributes
                0x000003bc       0x2c C:\Program Files (x86)\gcc-arm-none-eabi-10.3-2021.10\arm-none-eabi\lib\thumb\v6-m\nofp\libc_nano.a(lib_a-memset.o)
 .ARM.attributes
                0x000003e8       0x2c C:\Program Files (x86)\gcc-arm-none-eabi-10.3-2021.10\arm-none-eabi\lib\thumb\v6-m\nofp\libc_nano.a(lib_a-nano-freer.o)
 .ARM.attributes
                0x00000414       0x2c C:\Program Files (x86)\gcc-arm-none-eabi-10.3-2021.10\arm-none-eabi\lib\thumb\v6-m\nofp\libc_nano.a(lib_a-nano-mallocr.o)
 .ARM.attributes
                0x00000440       0x2c C:\Program Files (x86)\gcc-arm-none-eabi-10.3-2021.10\arm-none-eabi\lib\thumb\v6-m\nofp\libc_nano.a(lib_a-printf.o)
 .ARM.attributes
                0x0000046c       0x2c C:\Program Files (x86)\gcc-arm-none-eabi-10.3-2021.10\arm-none-eabi\lib\thumb\v6-m\nofp\libc_nano.a(lib_a-puts.o)
 .ARM.attributes
                0x00000498       0x2c C:\Program Files (x86)\gcc-arm-none-eabi-10.3-2021.10\arm-none-eabi\lib\thumb\v6-m\nofp\libc_nano.a(lib_a-sbrkr.o)
 .ARM.attributes
                0x000004c4       0x2c C:\Program Files (x86)\gcc-arm-none-eabi-10.3-2021.10\arm-none-eabi\lib\thumb\v6-m\nofp\libc_nano.a(lib_a-sprintf.o)
 .ARM.attributes
                0x000004f0       0x2c C:\Program Files (x86)\gcc-arm-none-eabi-10.3-2021.10\arm-none-eabi\lib\thumb\v6-m\nofp\libc_nano.a(lib_a-stdio.o)
 .ARM.attributes
                0x0000051c       0x2c C:\Program Files (x86)\gcc-arm-none-eabi-10.3-2021.10\arm-none-eabi\lib\thumb\v6-m\nofp\libc_nano.a(lib_a-wbuf.o)
 .ARM.attributes
                0x00000548       0x2c C:\Program Files (x86)\gcc-arm-none-eabi-10.3-2021.10\arm-none-eabi\lib\thumb\v6-m\nofp\libc_nano.a(lib_a-writer.o)
 .ARM.attributes
                0x00000574       0x2c C:\Program Files (x86)\gcc-arm-none-eabi-10.3-2021.10\arm-none-eabi\lib\thumb\v6-m\nofp\libc_nano.a(lib_a-wsetup.o)
 .ARM.attributes
                0x000005a0       0x2c C:\Program Files (x86)\gcc-arm-none-eabi-10.3-2021.10\arm-none-eabi\lib\thumb\v6-m\nofp\libc_nano.a(lib_a-closer.o)
 .ARM.attributes
                0x000005cc       0x2c C:\Program Files (x86)\gcc-arm-none-eabi-10.3-2021.10\arm-none-eabi\lib\thumb\v6-m\nofp\libc_nano.a(lib_a-lseekr.o)
 .ARM.attributes
                0x000005f8       0x2c C:\Program Files (x86)\gcc-arm-none-eabi-10.3-2021.10\arm-none-eabi\lib\thumb\v6-m\nofp\libc_nano.a(lib_a-makebuf.o)
 .ARM.attributes
                0x00000624       0x2c C:\Program Files (x86)\gcc-arm-none-eabi-10.3-2021.10\arm-none-eabi\lib\thumb\v6-m\nofp\libc_nano.a(lib_a-mlock.o)
 .ARM.attributes
                0x00000650       0x2c C:\Program Files (x86)\gcc-arm-none-eabi-10.3-2021.10\arm-none-eabi\lib\thumb\v6-m\nofp\libc_nano.a(lib_a-nano-svfprintf.o)
 .ARM.attributes
                0x0000067c       0x2c C:\Program Files (x86)\gcc-arm-none-eabi-10.3-2021.10\arm-none-eabi\lib\thumb\v6-m\nofp\libc_nano.a(lib_a-nano-vfprintf.o)
 .ARM.attributes
                0x000006a8       0x2c C:\Program Files (x86)\gcc-arm-none-eabi-10.3-2021.10\arm-none-eabi\lib\thumb\v6-m\nofp\libc_nano.a(lib_a-nano-vfprintf_i.o)
 .ARM.attributes
                0x000006d4       0x2c C:\Program Files (x86)\gcc-arm-none-eabi-10.3-2021.10\arm-none-eabi\lib\thumb\v6-m\nofp\libc_nano.a(lib_a-readr.o)
 .ARM.attributes
                0x00000700       0x2c C:\Program Files (x86)\gcc-arm-none-eabi-10.3-2021.10\arm-none-eabi\lib\thumb\v6-m\nofp\libc_nano.a(lib_a-fstatr.o)
 .ARM.attributes
                0x0000072c       0x2c C:\Program Files (x86)\gcc-arm-none-eabi-10.3-2021.10\arm-none-eabi\lib\thumb\v6-m\nofp\libc_nano.a(lib_a-fvwrite.o)
 .ARM.attributes
                0x00000758       0x2c C:\Program Files (x86)\gcc-arm-none-eabi-10.3-2021.10\arm-none-eabi\lib\thumb\v6-m\nofp\libc_nano.a(lib_a-isattyr.o)
 .ARM.attributes
                0x00000784       0x2c C:\Program Files (x86)\gcc-arm-none-eabi-10.3-2021.10\arm-none-eabi\lib\thumb\v6-m\nofp\libc_nano.a(lib_a-memchr-stub.o)
 .ARM.attributes
                0x000007b0       0x2c C:\Program Files (x86)\gcc-arm-none-eabi-10.3-2021.10\arm-none-eabi\lib\thumb\v6-m\nofp\libc_nano.a(lib_a-memcpy-stub.o)
 .ARM.attributes
                0x000007dc       0x2c C:\Program Files (x86)\gcc-arm-none-eabi-10.3-2021.10\arm-none-eabi\lib\thumb\v6-m\nofp\libc_nano.a(lib_a-memmove.o)
 .ARM.attributes
                0x00000808       0x2c C:\Program Files (x86)\gcc-arm-none-eabi-10.3-2021.10\arm-none-eabi\lib\thumb\v6-m\nofp\libc_nano.a(lib_a-nano-reallocr.o)
 .ARM.attributes
                0x00000834       0x2c C:\Program Files (x86)\gcc-arm-none-eabi-10.3-2021.10\arm-none-eabi\lib\thumb\v6-m\nofp\libc_nano.a(lib_a-nano-msizer.o)
 .ARM.attributes
                0x00000860       0x1e C:\Program Files (x86)\gcc-arm-none-eabi-10.3-2021.10\lib\gcc\arm-none-eabi\10.3.1\thumb\v6-m\nofp\libgcc.a(_thumb1_case_shi.o)

.debug_frame    0x00000000     0x1480
 .debug_frame   0x00000000      0x270 main.o
 .debug_frame   0x00000270      0x1e8 serial.o
 .debug_frame   0x00000458      0x204 UART2.o
 .debug_frame   0x0000065c       0x94 startup.o
 .debug_frame   0x000006f0      0x228 newlib_stubs.o
 .debug_frame   0x00000918       0x20 C:\Program Files (x86)\gcc-arm-none-eabi-10.3-2021.10\lib\gcc\arm-none-eabi\10.3.1\thumb\v6-m\nofp\libgcc.a(_divsi3.o)
 .debug_frame   0x00000938       0x38 C:\Program Files (x86)\gcc-arm-none-eabi-10.3-2021.10\lib\gcc\arm-none-eabi\10.3.1\thumb\v6-m\nofp\libgcc.a(divsf3.o)
 .debug_frame   0x00000970       0x38 C:\Program Files (x86)\gcc-arm-none-eabi-10.3-2021.10\lib\gcc\arm-none-eabi\10.3.1\thumb\v6-m\nofp\libgcc.a(mulsf3.o)
 .debug_frame   0x000009a8       0x30 C:\Program Files (x86)\gcc-arm-none-eabi-10.3-2021.10\lib\gcc\arm-none-eabi\10.3.1\thumb\v6-m\nofp\libgcc.a(floatsisf.o)
 .debug_frame   0x000009d8       0x3c C:\Program Files (x86)\gcc-arm-none-eabi-10.3-2021.10\lib\gcc\arm-none-eabi\10.3.1\thumb\v6-m\nofp\libgcc.a(divdf3.o)
 .debug_frame   0x00000a14       0x3c C:\Program Files (x86)\gcc-arm-none-eabi-10.3-2021.10\lib\gcc\arm-none-eabi\10.3.1\thumb\v6-m\nofp\libgcc.a(muldf3.o)
 .debug_frame   0x00000a50       0x3c C:\Program Files (x86)\gcc-arm-none-eabi-10.3-2021.10\lib\gcc\arm-none-eabi\10.3.1\thumb\v6-m\nofp\libgcc.a(subdf3.o)
 .debug_frame   0x00000a8c       0x2c C:\Program Files (x86)\gcc-arm-none-eabi-10.3-2021.10\lib\gcc\arm-none-eabi\10.3.1\thumb\v6-m\nofp\libgcc.a(fixdfsi.o)
 .debug_frame   0x00000ab8       0x2c C:\Program Files (x86)\gcc-arm-none-eabi-10.3-2021.10\lib\gcc\arm-none-eabi\10.3.1\thumb\v6-m\nofp\libgcc.a(extendsfdf2.o)
 .debug_frame   0x00000ae4       0x20 C:\Program Files (x86)\gcc-arm-none-eabi-10.3-2021.10\lib\gcc\arm-none-eabi\10.3.1\thumb\v6-m\nofp\libgcc.a(_udivsi3.o)
 .debug_frame   0x00000b04       0x68 C:\Program Files (x86)\gcc-arm-none-eabi-10.3-2021.10\arm-none-eabi\lib\thumb\v6-m\nofp\libc_nano.a(lib_a-fflush.o)
 .debug_frame   0x00000b6c      0x170 C:\Program Files (x86)\gcc-arm-none-eabi-10.3-2021.10\arm-none-eabi\lib\thumb\v6-m\nofp\libc_nano.a(lib_a-findfp.o)
 .debug_frame   0x00000cdc       0x58 C:\Program Files (x86)\gcc-arm-none-eabi-10.3-2021.10\arm-none-eabi\lib\thumb\v6-m\nofp\libc_nano.a(lib_a-fwalk.o)
 .debug_frame   0x00000d34       0xb0 C:\Program Files (x86)\gcc-arm-none-eabi-10.3-2021.10\arm-none-eabi\lib\thumb\v6-m\nofp\libc_nano.a(lib_a-lock.o)
 .debug_frame   0x00000de4       0x20 C:\Program Files (x86)\gcc-arm-none-eabi-10.3-2021.10\arm-none-eabi\lib\thumb\v6-m\nofp\libc_nano.a(lib_a-memset.o)
 .debug_frame   0x00000e04       0x2c C:\Program Files (x86)\gcc-arm-none-eabi-10.3-2021.10\arm-none-eabi\lib\thumb\v6-m\nofp\libc_nano.a(lib_a-nano-freer.o)
 .debug_frame   0x00000e30       0x50 C:\Program Files (x86)\gcc-arm-none-eabi-10.3-2021.10\arm-none-eabi\lib\thumb\v6-m\nofp\libc_nano.a(lib_a-nano-mallocr.o)
 .debug_frame   0x00000e80       0x50 C:\Program Files (x86)\gcc-arm-none-eabi-10.3-2021.10\arm-none-eabi\lib\thumb\v6-m\nofp\libc_nano.a(lib_a-printf.o)
 .debug_frame   0x00000ed0       0x44 C:\Program Files (x86)\gcc-arm-none-eabi-10.3-2021.10\arm-none-eabi\lib\thumb\v6-m\nofp\libc_nano.a(lib_a-puts.o)
 .debug_frame   0x00000f14       0x2c C:\Program Files (x86)\gcc-arm-none-eabi-10.3-2021.10\arm-none-eabi\lib\thumb\v6-m\nofp\libc_nano.a(lib_a-sbrkr.o)
 .debug_frame   0x00000f40       0x48 C:\Program Files (x86)\gcc-arm-none-eabi-10.3-2021.10\arm-none-eabi\lib\thumb\v6-m\nofp\libc_nano.a(lib_a-sprintf.o)
 .debug_frame   0x00000f88       0x90 C:\Program Files (x86)\gcc-arm-none-eabi-10.3-2021.10\arm-none-eabi\lib\thumb\v6-m\nofp\libc_nano.a(lib_a-stdio.o)
 .debug_frame   0x00001018       0x48 C:\Program Files (x86)\gcc-arm-none-eabi-10.3-2021.10\arm-none-eabi\lib\thumb\v6-m\nofp\libc_nano.a(lib_a-wbuf.o)
 .debug_frame   0x00001060       0x2c C:\Program Files (x86)\gcc-arm-none-eabi-10.3-2021.10\arm-none-eabi\lib\thumb\v6-m\nofp\libc_nano.a(lib_a-writer.o)
 .debug_frame   0x0000108c       0x2c C:\Program Files (x86)\gcc-arm-none-eabi-10.3-2021.10\arm-none-eabi\lib\thumb\v6-m\nofp\libc_nano.a(lib_a-wsetup.o)
 .debug_frame   0x000010b8       0x2c C:\Program Files (x86)\gcc-arm-none-eabi-10.3-2021.10\arm-none-eabi\lib\thumb\v6-m\nofp\libc_nano.a(lib_a-closer.o)
 .debug_frame   0x000010e4       0x2c C:\Program Files (x86)\gcc-arm-none-eabi-10.3-2021.10\arm-none-eabi\lib\thumb\v6-m\nofp\libc_nano.a(lib_a-lseekr.o)
 .debug_frame   0x00001110       0x54 C:\Program Files (x86)\gcc-arm-none-eabi-10.3-2021.10\arm-none-eabi\lib\thumb\v6-m\nofp\libc_nano.a(lib_a-makebuf.o)
 .debug_frame   0x00001164       0x40 C:\Program Files (x86)\gcc-arm-none-eabi-10.3-2021.10\arm-none-eabi\lib\thumb\v6-m\nofp\libc_nano.a(lib_a-mlock.o)
 .debug_frame   0x000011a4       0x74 C:\Program Files (x86)\gcc-arm-none-eabi-10.3-2021.10\arm-none-eabi\lib\thumb\v6-m\nofp\libc_nano.a(lib_a-nano-svfprintf.o)
 .debug_frame   0x00001218       0x9c C:\Program Files (x86)\gcc-arm-none-eabi-10.3-2021.10\arm-none-eabi\lib\thumb\v6-m\nofp\libc_nano.a(lib_a-nano-vfprintf.o)
 .debug_frame   0x000012b4       0x54 C:\Program Files (x86)\gcc-arm-none-eabi-10.3-2021.10\arm-none-eabi\lib\thumb\v6-m\nofp\libc_nano.a(lib_a-nano-vfprintf_i.o)
 .debug_frame   0x00001308       0x2c C:\Program Files (x86)\gcc-arm-none-eabi-10.3-2021.10\arm-none-eabi\lib\thumb\v6-m\nofp\libc_nano.a(lib_a-readr.o)
 .debug_frame   0x00001334       0x2c C:\Program Files (x86)\gcc-arm-none-eabi-10.3-2021.10\arm-none-eabi\lib\thumb\v6-m\nofp\libc_nano.a(lib_a-fstatr.o)
 .debug_frame   0x00001360       0x30 C:\Program Files (x86)\gcc-arm-none-eabi-10.3-2021.10\arm-none-eabi\lib\thumb\v6-m\nofp\libc_nano.a(lib_a-fvwrite.o)
 .debug_frame   0x00001390       0x2c C:\Program Files (x86)\gcc-arm-none-eabi-10.3-2021.10\arm-none-eabi\lib\thumb\v6-m\nofp\libc_nano.a(lib_a-isattyr.o)
 .debug_frame   0x000013bc       0x20 C:\Program Files (x86)\gcc-arm-none-eabi-10.3-2021.10\arm-none-eabi\lib\thumb\v6-m\nofp\libc_nano.a(lib_a-memchr-stub.o)
 .debug_frame   0x000013dc       0x28 C:\Program Files (x86)\gcc-arm-none-eabi-10.3-2021.10\arm-none-eabi\lib\thumb\v6-m\nofp\libc_nano.a(lib_a-memcpy-stub.o)
 .debug_frame   0x00001404       0x28 C:\Program Files (x86)\gcc-arm-none-eabi-10.3-2021.10\arm-none-eabi\lib\thumb\v6-m\nofp\libc_nano.a(lib_a-memmove.o)
 .debug_frame   0x0000142c       0x34 C:\Program Files (x86)\gcc-arm-none-eabi-10.3-2021.10\arm-none-eabi\lib\thumb\v6-m\nofp\libc_nano.a(lib_a-nano-reallocr.o)
 .debug_frame   0x00001460       0x20 C:\Program Files (x86)\gcc-arm-none-eabi-10.3-2021.10\arm-none-eabi\lib\thumb\v6-m\nofp\libc_nano.a(lib_a-nano-msizer.o)

.debug_ranges   0x00000000       0x18
 .debug_ranges  0x00000000       0x18 startup.o

Cross Reference Table

Symbol                                            File
ADC_COMP_Handler                                  startup.o
ComBusy                                           serial.o
ComBusy2                                          UART2.o
ComError                                          serial.o
ComError2                                         UART2.o
ComOpen                                           serial.o
ComOpen2                                          UART2.o
ComRXBuffer                                       serial.o
ComRXBuffer2                                      UART2.o
ComTXBuffer                                       serial.o
ComTXBuffer2                                      UART2.o
Configure_Buttons                                 main.o
Configure_Pins                                    main.o
DMA_CH1_Handler                                   startup.o
DMA_CH2_3_Handler                                 startup.o
DMA_CH4_5_6_7_Handler                             startup.o
Default_Handler                                   startup.o
Delay_us                                          main.o
EXTI0_1_Handler                                   startup.o
EXTI2_3_Handler                                   startup.o
EXTI4_15_Handler                                  startup.o
FLASH_Handler                                     startup.o
GetBuf                                            serial.o
GetBuf2                                           UART2.o
GetBufCount                                       serial.o
GetBufCount2                                      UART2.o
Hard_Fault_Handler                                startup.o
Hardware_Init                                     main.o
I2C1_Handler                                      startup.o
I2C2_Handler                                      startup.o
LCD_4BIT                                          main.o
LCD_GPIO_Init                                     main.o
LCD_byte                                          main.o
LCD_pulse                                         main.o
LCDprint                                          main.o
LPTIM1_Handler                                    startup.o
LPUART1_Handler                                   startup.o
NMI_Handler                                       startup.o
PVD_Handler                                       startup.o
PendSV_Handler                                    startup.o
PutBuf                                            serial.o
PutBuf2                                           UART2.o
RCC_Handler                                       startup.o
RTC_Handler                                       startup.o
ReadCom                                           serial.o
ReadCom2                                          UART2.o
ReceivedBytes2                                    UART2.o
                                                  main.o
ReceptionOff                                      main.o
ResetInit                                         startup.o
SPI1_Handler                                      startup.o
SPI2_Handler                                      startup.o
SVC_Handler                                       startup.o
SendATCommand                                     main.o
SysTick_Handler                                   startup.o
TIM21_Handler                                     startup.o
TIM22_Handler                                     startup.o
TIM2_Handler                                      startup.o
TIM6_Handler                                      startup.o
USART1_Handler                                    serial.o
USART2_Handler                                    UART2.o
Vectors                                           startup.o
WWDG_Handler                                      startup.o
WriteCom                                          serial.o
WriteCom2                                         UART2.o
WriteCommand                                      main.o
WriteData                                         main.o
_HeapStart                                        newlib_stubs.o
_StackTop                                         newlib_stubs.o
                                                  startup.o
__aeabi_d2iz                                      C:\Program Files (x86)\gcc-arm-none-eabi-10.3-2021.10\lib\gcc\arm-none-eabi\10.3.1\thumb\v6-m\nofp\libgcc.a(fixdfsi.o)
                                                  main.o
__aeabi_ddiv                                      C:\Program Files (x86)\gcc-arm-none-eabi-10.3-2021.10\lib\gcc\arm-none-eabi\10.3.1\thumb\v6-m\nofp\libgcc.a(divdf3.o)
                                                  main.o
__aeabi_dmul                                      C:\Program Files (x86)\gcc-arm-none-eabi-10.3-2021.10\lib\gcc\arm-none-eabi\10.3.1\thumb\v6-m\nofp\libgcc.a(muldf3.o)
                                                  main.o
__aeabi_dsub                                      C:\Program Files (x86)\gcc-arm-none-eabi-10.3-2021.10\lib\gcc\arm-none-eabi\10.3.1\thumb\v6-m\nofp\libgcc.a(subdf3.o)
                                                  main.o
__aeabi_f2d                                       C:\Program Files (x86)\gcc-arm-none-eabi-10.3-2021.10\lib\gcc\arm-none-eabi\10.3.1\thumb\v6-m\nofp\libgcc.a(extendsfdf2.o)
                                                  main.o
__aeabi_fdiv                                      C:\Program Files (x86)\gcc-arm-none-eabi-10.3-2021.10\lib\gcc\arm-none-eabi\10.3.1\thumb\v6-m\nofp\libgcc.a(divsf3.o)
                                                  main.o
__aeabi_fmul                                      C:\Program Files (x86)\gcc-arm-none-eabi-10.3-2021.10\lib\gcc\arm-none-eabi\10.3.1\thumb\v6-m\nofp\libgcc.a(mulsf3.o)
                                                  main.o
__aeabi_i2f                                       C:\Program Files (x86)\gcc-arm-none-eabi-10.3-2021.10\lib\gcc\arm-none-eabi\10.3.1\thumb\v6-m\nofp\libgcc.a(floatsisf.o)
                                                  main.o
__aeabi_idiv                                      C:\Program Files (x86)\gcc-arm-none-eabi-10.3-2021.10\lib\gcc\arm-none-eabi\10.3.1\thumb\v6-m\nofp\libgcc.a(_divsi3.o)
                                                  C:\Program Files (x86)\gcc-arm-none-eabi-10.3-2021.10\arm-none-eabi\lib\thumb\v6-m\nofp\libc_nano.a(lib_a-fvwrite.o)
                                                  UART2.o
                                                  serial.o
                                                  main.o
__aeabi_idiv0                                     C:\Program Files (x86)\gcc-arm-none-eabi-10.3-2021.10\lib\gcc\arm-none-eabi\10.3.1\thumb\v6-m\nofp\libgcc.a(_dvmd_tls.o)
                                                  C:\Program Files (x86)\gcc-arm-none-eabi-10.3-2021.10\lib\gcc\arm-none-eabi\10.3.1\thumb\v6-m\nofp\libgcc.a(_udivsi3.o)
                                                  C:\Program Files (x86)\gcc-arm-none-eabi-10.3-2021.10\lib\gcc\arm-none-eabi\10.3.1\thumb\v6-m\nofp\libgcc.a(_divsi3.o)
__aeabi_idivmod                                   C:\Program Files (x86)\gcc-arm-none-eabi-10.3-2021.10\lib\gcc\arm-none-eabi\10.3.1\thumb\v6-m\nofp\libgcc.a(_divsi3.o)
__aeabi_ldiv0                                     C:\Program Files (x86)\gcc-arm-none-eabi-10.3-2021.10\lib\gcc\arm-none-eabi\10.3.1\thumb\v6-m\nofp\libgcc.a(_dvmd_tls.o)
__aeabi_uidiv                                     C:\Program Files (x86)\gcc-arm-none-eabi-10.3-2021.10\lib\gcc\arm-none-eabi\10.3.1\thumb\v6-m\nofp\libgcc.a(_udivsi3.o)
__aeabi_uidivmod                                  C:\Program Files (x86)\gcc-arm-none-eabi-10.3-2021.10\lib\gcc\arm-none-eabi\10.3.1\thumb\v6-m\nofp\libgcc.a(_udivsi3.o)
                                                  C:\Program Files (x86)\gcc-arm-none-eabi-10.3-2021.10\arm-none-eabi\lib\thumb\v6-m\nofp\libc_nano.a(lib_a-nano-vfprintf_i.o)
                                                  C:\Program Files (x86)\gcc-arm-none-eabi-10.3-2021.10\lib\gcc\arm-none-eabi\10.3.1\thumb\v6-m\nofp\libgcc.a(divdf3.o)
__clzsi2                                          C:\Program Files (x86)\gcc-arm-none-eabi-10.3-2021.10\lib\gcc\arm-none-eabi\10.3.1\thumb\v6-m\nofp\libgcc.a(_clzsi2.o)
                                                  C:\Program Files (x86)\gcc-arm-none-eabi-10.3-2021.10\lib\gcc\arm-none-eabi\10.3.1\thumb\v6-m\nofp\libgcc.a(extendsfdf2.o)
                                                  C:\Program Files (x86)\gcc-arm-none-eabi-10.3-2021.10\lib\gcc\arm-none-eabi\10.3.1\thumb\v6-m\nofp\libgcc.a(subdf3.o)
                                                  C:\Program Files (x86)\gcc-arm-none-eabi-10.3-2021.10\lib\gcc\arm-none-eabi\10.3.1\thumb\v6-m\nofp\libgcc.a(muldf3.o)
                                                  C:\Program Files (x86)\gcc-arm-none-eabi-10.3-2021.10\lib\gcc\arm-none-eabi\10.3.1\thumb\v6-m\nofp\libgcc.a(divdf3.o)
                                                  C:\Program Files (x86)\gcc-arm-none-eabi-10.3-2021.10\lib\gcc\arm-none-eabi\10.3.1\thumb\v6-m\nofp\libgcc.a(floatsisf.o)
                                                  C:\Program Files (x86)\gcc-arm-none-eabi-10.3-2021.10\lib\gcc\arm-none-eabi\10.3.1\thumb\v6-m\nofp\libgcc.a(mulsf3.o)
                                                  C:\Program Files (x86)\gcc-arm-none-eabi-10.3-2021.10\lib\gcc\arm-none-eabi\10.3.1\thumb\v6-m\nofp\libgcc.a(divsf3.o)
__divsi3                                          C:\Program Files (x86)\gcc-arm-none-eabi-10.3-2021.10\lib\gcc\arm-none-eabi\10.3.1\thumb\v6-m\nofp\libgcc.a(_divsi3.o)
__env                                             newlib_stubs.o
__fp_lock_all                                     C:\Program Files (x86)\gcc-arm-none-eabi-10.3-2021.10\arm-none-eabi\lib\thumb\v6-m\nofp\libc_nano.a(lib_a-findfp.o)
__fp_unlock_all                                   C:\Program Files (x86)\gcc-arm-none-eabi-10.3-2021.10\arm-none-eabi\lib\thumb\v6-m\nofp\libc_nano.a(lib_a-findfp.o)
__gnu_thumb1_case_shi                             C:\Program Files (x86)\gcc-arm-none-eabi-10.3-2021.10\lib\gcc\arm-none-eabi\10.3.1\thumb\v6-m\nofp\libgcc.a(_thumb1_case_shi.o)
                                                  C:\Program Files (x86)\gcc-arm-none-eabi-10.3-2021.10\arm-none-eabi\lib\thumb\v6-m\nofp\libc_nano.a(lib_a-nano-vfprintf_i.o)
__init_array_end                                  startup.o
__init_array_start                                startup.o
__lock___arc4random_mutex                         C:\Program Files (x86)\gcc-arm-none-eabi-10.3-2021.10\arm-none-eabi\lib\thumb\v6-m\nofp\libc_nano.a(lib_a-lock.o)
__lock___at_quick_exit_mutex                      C:\Program Files (x86)\gcc-arm-none-eabi-10.3-2021.10\arm-none-eabi\lib\thumb\v6-m\nofp\libc_nano.a(lib_a-lock.o)
__lock___atexit_recursive_mutex                   C:\Program Files (x86)\gcc-arm-none-eabi-10.3-2021.10\arm-none-eabi\lib\thumb\v6-m\nofp\libc_nano.a(lib_a-lock.o)
__lock___dd_hash_mutex                            C:\Program Files (x86)\gcc-arm-none-eabi-10.3-2021.10\arm-none-eabi\lib\thumb\v6-m\nofp\libc_nano.a(lib_a-lock.o)
__lock___env_recursive_mutex                      C:\Program Files (x86)\gcc-arm-none-eabi-10.3-2021.10\arm-none-eabi\lib\thumb\v6-m\nofp\libc_nano.a(lib_a-lock.o)
__lock___malloc_recursive_mutex                   C:\Program Files (x86)\gcc-arm-none-eabi-10.3-2021.10\arm-none-eabi\lib\thumb\v6-m\nofp\libc_nano.a(lib_a-lock.o)
                                                  C:\Program Files (x86)\gcc-arm-none-eabi-10.3-2021.10\arm-none-eabi\lib\thumb\v6-m\nofp\libc_nano.a(lib_a-mlock.o)
__lock___sfp_recursive_mutex                      C:\Program Files (x86)\gcc-arm-none-eabi-10.3-2021.10\arm-none-eabi\lib\thumb\v6-m\nofp\libc_nano.a(lib_a-lock.o)
                                                  C:\Program Files (x86)\gcc-arm-none-eabi-10.3-2021.10\arm-none-eabi\lib\thumb\v6-m\nofp\libc_nano.a(lib_a-findfp.o)
__lock___sinit_recursive_mutex                    C:\Program Files (x86)\gcc-arm-none-eabi-10.3-2021.10\arm-none-eabi\lib\thumb\v6-m\nofp\libc_nano.a(lib_a-lock.o)
                                                  C:\Program Files (x86)\gcc-arm-none-eabi-10.3-2021.10\arm-none-eabi\lib\thumb\v6-m\nofp\libc_nano.a(lib_a-findfp.o)
__lock___tz_mutex                                 C:\Program Files (x86)\gcc-arm-none-eabi-10.3-2021.10\arm-none-eabi\lib\thumb\v6-m\nofp\libc_nano.a(lib_a-lock.o)
__malloc_free_list                                C:\Program Files (x86)\gcc-arm-none-eabi-10.3-2021.10\arm-none-eabi\lib\thumb\v6-m\nofp\libc_nano.a(lib_a-nano-mallocr.o)
                                                  C:\Program Files (x86)\gcc-arm-none-eabi-10.3-2021.10\arm-none-eabi\lib\thumb\v6-m\nofp\libc_nano.a(lib_a-nano-freer.o)
__malloc_lock                                     C:\Program Files (x86)\gcc-arm-none-eabi-10.3-2021.10\arm-none-eabi\lib\thumb\v6-m\nofp\libc_nano.a(lib_a-mlock.o)
                                                  C:\Program Files (x86)\gcc-arm-none-eabi-10.3-2021.10\arm-none-eabi\lib\thumb\v6-m\nofp\libc_nano.a(lib_a-nano-mallocr.o)
                                                  C:\Program Files (x86)\gcc-arm-none-eabi-10.3-2021.10\arm-none-eabi\lib\thumb\v6-m\nofp\libc_nano.a(lib_a-nano-freer.o)
__malloc_sbrk_start                               C:\Program Files (x86)\gcc-arm-none-eabi-10.3-2021.10\arm-none-eabi\lib\thumb\v6-m\nofp\libc_nano.a(lib_a-nano-mallocr.o)
__malloc_unlock                                   C:\Program Files (x86)\gcc-arm-none-eabi-10.3-2021.10\arm-none-eabi\lib\thumb\v6-m\nofp\libc_nano.a(lib_a-mlock.o)
                                                  C:\Program Files (x86)\gcc-arm-none-eabi-10.3-2021.10\arm-none-eabi\lib\thumb\v6-m\nofp\libc_nano.a(lib_a-nano-mallocr.o)
                                                  C:\Program Files (x86)\gcc-arm-none-eabi-10.3-2021.10\arm-none-eabi\lib\thumb\v6-m\nofp\libc_nano.a(lib_a-nano-freer.o)
__retarget_lock_acquire                           C:\Program Files (x86)\gcc-arm-none-eabi-10.3-2021.10\arm-none-eabi\lib\thumb\v6-m\nofp\libc_nano.a(lib_a-lock.o)
__retarget_lock_acquire_recursive                 C:\Program Files (x86)\gcc-arm-none-eabi-10.3-2021.10\arm-none-eabi\lib\thumb\v6-m\nofp\libc_nano.a(lib_a-lock.o)
                                                  C:\Program Files (x86)\gcc-arm-none-eabi-10.3-2021.10\arm-none-eabi\lib\thumb\v6-m\nofp\libc_nano.a(lib_a-nano-vfprintf.o)
                                                  C:\Program Files (x86)\gcc-arm-none-eabi-10.3-2021.10\arm-none-eabi\lib\thumb\v6-m\nofp\libc_nano.a(lib_a-mlock.o)
                                                  C:\Program Files (x86)\gcc-arm-none-eabi-10.3-2021.10\arm-none-eabi\lib\thumb\v6-m\nofp\libc_nano.a(lib_a-puts.o)
                                                  C:\Program Files (x86)\gcc-arm-none-eabi-10.3-2021.10\arm-none-eabi\lib\thumb\v6-m\nofp\libc_nano.a(lib_a-findfp.o)
                                                  C:\Program Files (x86)\gcc-arm-none-eabi-10.3-2021.10\arm-none-eabi\lib\thumb\v6-m\nofp\libc_nano.a(lib_a-fflush.o)
__retarget_lock_close                             C:\Program Files (x86)\gcc-arm-none-eabi-10.3-2021.10\arm-none-eabi\lib\thumb\v6-m\nofp\libc_nano.a(lib_a-lock.o)
__retarget_lock_close_recursive                   C:\Program Files (x86)\gcc-arm-none-eabi-10.3-2021.10\arm-none-eabi\lib\thumb\v6-m\nofp\libc_nano.a(lib_a-lock.o)
__retarget_lock_init                              C:\Program Files (x86)\gcc-arm-none-eabi-10.3-2021.10\arm-none-eabi\lib\thumb\v6-m\nofp\libc_nano.a(lib_a-lock.o)
__retarget_lock_init_recursive                    C:\Program Files (x86)\gcc-arm-none-eabi-10.3-2021.10\arm-none-eabi\lib\thumb\v6-m\nofp\libc_nano.a(lib_a-lock.o)
                                                  C:\Program Files (x86)\gcc-arm-none-eabi-10.3-2021.10\arm-none-eabi\lib\thumb\v6-m\nofp\libc_nano.a(lib_a-findfp.o)
__retarget_lock_release                           C:\Program Files (x86)\gcc-arm-none-eabi-10.3-2021.10\arm-none-eabi\lib\thumb\v6-m\nofp\libc_nano.a(lib_a-lock.o)
__retarget_lock_release_recursive                 C:\Program Files (x86)\gcc-arm-none-eabi-10.3-2021.10\arm-none-eabi\lib\thumb\v6-m\nofp\libc_nano.a(lib_a-lock.o)
                                                  C:\Program Files (x86)\gcc-arm-none-eabi-10.3-2021.10\arm-none-eabi\lib\thumb\v6-m\nofp\libc_nano.a(lib_a-nano-vfprintf.o)
                                                  C:\Program Files (x86)\gcc-arm-none-eabi-10.3-2021.10\arm-none-eabi\lib\thumb\v6-m\nofp\libc_nano.a(lib_a-mlock.o)
                                                  C:\Program Files (x86)\gcc-arm-none-eabi-10.3-2021.10\arm-none-eabi\lib\thumb\v6-m\nofp\libc_nano.a(lib_a-puts.o)
                                                  C:\Program Files (x86)\gcc-arm-none-eabi-10.3-2021.10\arm-none-eabi\lib\thumb\v6-m\nofp\libc_nano.a(lib_a-findfp.o)
                                                  C:\Program Files (x86)\gcc-arm-none-eabi-10.3-2021.10\arm-none-eabi\lib\thumb\v6-m\nofp\libc_nano.a(lib_a-fflush.o)
__retarget_lock_try_acquire                       C:\Program Files (x86)\gcc-arm-none-eabi-10.3-2021.10\arm-none-eabi\lib\thumb\v6-m\nofp\libc_nano.a(lib_a-lock.o)
__retarget_lock_try_acquire_recursive             C:\Program Files (x86)\gcc-arm-none-eabi-10.3-2021.10\arm-none-eabi\lib\thumb\v6-m\nofp\libc_nano.a(lib_a-lock.o)
__sclose                                          C:\Program Files (x86)\gcc-arm-none-eabi-10.3-2021.10\arm-none-eabi\lib\thumb\v6-m\nofp\libc_nano.a(lib_a-stdio.o)
                                                  C:\Program Files (x86)\gcc-arm-none-eabi-10.3-2021.10\arm-none-eabi\lib\thumb\v6-m\nofp\libc_nano.a(lib_a-findfp.o)
__seofread                                        C:\Program Files (x86)\gcc-arm-none-eabi-10.3-2021.10\arm-none-eabi\lib\thumb\v6-m\nofp\libc_nano.a(lib_a-stdio.o)
__sf_fake_stderr                                  C:\Program Files (x86)\gcc-arm-none-eabi-10.3-2021.10\arm-none-eabi\lib\thumb\v6-m\nofp\libc_nano.a(lib_a-findfp.o)
                                                  C:\Program Files (x86)\gcc-arm-none-eabi-10.3-2021.10\arm-none-eabi\lib\thumb\v6-m\nofp\libc_nano.a(lib_a-nano-vfprintf.o)
                                                  C:\Program Files (x86)\gcc-arm-none-eabi-10.3-2021.10\arm-none-eabi\lib\thumb\v6-m\nofp\libc_nano.a(lib_a-wsetup.o)
                                                  C:\Program Files (x86)\gcc-arm-none-eabi-10.3-2021.10\arm-none-eabi\lib\thumb\v6-m\nofp\libc_nano.a(lib_a-wbuf.o)
                                                  C:\Program Files (x86)\gcc-arm-none-eabi-10.3-2021.10\arm-none-eabi\lib\thumb\v6-m\nofp\libc_nano.a(lib_a-puts.o)
                                                  C:\Program Files (x86)\gcc-arm-none-eabi-10.3-2021.10\arm-none-eabi\lib\thumb\v6-m\nofp\libc_nano.a(lib_a-impure.o)
                                                  C:\Program Files (x86)\gcc-arm-none-eabi-10.3-2021.10\arm-none-eabi\lib\thumb\v6-m\nofp\libc_nano.a(lib_a-fflush.o)
__sf_fake_stdin                                   C:\Program Files (x86)\gcc-arm-none-eabi-10.3-2021.10\arm-none-eabi\lib\thumb\v6-m\nofp\libc_nano.a(lib_a-findfp.o)
                                                  C:\Program Files (x86)\gcc-arm-none-eabi-10.3-2021.10\arm-none-eabi\lib\thumb\v6-m\nofp\libc_nano.a(lib_a-nano-vfprintf.o)
                                                  C:\Program Files (x86)\gcc-arm-none-eabi-10.3-2021.10\arm-none-eabi\lib\thumb\v6-m\nofp\libc_nano.a(lib_a-wsetup.o)
                                                  C:\Program Files (x86)\gcc-arm-none-eabi-10.3-2021.10\arm-none-eabi\lib\thumb\v6-m\nofp\libc_nano.a(lib_a-wbuf.o)
                                                  C:\Program Files (x86)\gcc-arm-none-eabi-10.3-2021.10\arm-none-eabi\lib\thumb\v6-m\nofp\libc_nano.a(lib_a-puts.o)
                                                  C:\Program Files (x86)\gcc-arm-none-eabi-10.3-2021.10\arm-none-eabi\lib\thumb\v6-m\nofp\libc_nano.a(lib_a-impure.o)
                                                  C:\Program Files (x86)\gcc-arm-none-eabi-10.3-2021.10\arm-none-eabi\lib\thumb\v6-m\nofp\libc_nano.a(lib_a-fflush.o)
__sf_fake_stdout                                  C:\Program Files (x86)\gcc-arm-none-eabi-10.3-2021.10\arm-none-eabi\lib\thumb\v6-m\nofp\libc_nano.a(lib_a-findfp.o)
                                                  C:\Program Files (x86)\gcc-arm-none-eabi-10.3-2021.10\arm-none-eabi\lib\thumb\v6-m\nofp\libc_nano.a(lib_a-nano-vfprintf.o)
                                                  C:\Program Files (x86)\gcc-arm-none-eabi-10.3-2021.10\arm-none-eabi\lib\thumb\v6-m\nofp\libc_nano.a(lib_a-wsetup.o)
                                                  C:\Program Files (x86)\gcc-arm-none-eabi-10.3-2021.10\arm-none-eabi\lib\thumb\v6-m\nofp\libc_nano.a(lib_a-wbuf.o)
                                                  C:\Program Files (x86)\gcc-arm-none-eabi-10.3-2021.10\arm-none-eabi\lib\thumb\v6-m\nofp\libc_nano.a(lib_a-puts.o)
                                                  C:\Program Files (x86)\gcc-arm-none-eabi-10.3-2021.10\arm-none-eabi\lib\thumb\v6-m\nofp\libc_nano.a(lib_a-impure.o)
                                                  C:\Program Files (x86)\gcc-arm-none-eabi-10.3-2021.10\arm-none-eabi\lib\thumb\v6-m\nofp\libc_nano.a(lib_a-fflush.o)
__sflush_r                                        C:\Program Files (x86)\gcc-arm-none-eabi-10.3-2021.10\arm-none-eabi\lib\thumb\v6-m\nofp\libc_nano.a(lib_a-fflush.o)
__sfmoreglue                                      C:\Program Files (x86)\gcc-arm-none-eabi-10.3-2021.10\arm-none-eabi\lib\thumb\v6-m\nofp\libc_nano.a(lib_a-findfp.o)
__sfp                                             C:\Program Files (x86)\gcc-arm-none-eabi-10.3-2021.10\arm-none-eabi\lib\thumb\v6-m\nofp\libc_nano.a(lib_a-findfp.o)
__sfp_lock_acquire                                C:\Program Files (x86)\gcc-arm-none-eabi-10.3-2021.10\arm-none-eabi\lib\thumb\v6-m\nofp\libc_nano.a(lib_a-findfp.o)
__sfp_lock_release                                C:\Program Files (x86)\gcc-arm-none-eabi-10.3-2021.10\arm-none-eabi\lib\thumb\v6-m\nofp\libc_nano.a(lib_a-findfp.o)
__sfputs_r                                        C:\Program Files (x86)\gcc-arm-none-eabi-10.3-2021.10\arm-none-eabi\lib\thumb\v6-m\nofp\libc_nano.a(lib_a-nano-vfprintf.o)
__sfvwrite_r                                      C:\Program Files (x86)\gcc-arm-none-eabi-10.3-2021.10\arm-none-eabi\lib\thumb\v6-m\nofp\libc_nano.a(lib_a-fvwrite.o)
                                                  C:\Program Files (x86)\gcc-arm-none-eabi-10.3-2021.10\arm-none-eabi\lib\thumb\v6-m\nofp\libc_nano.a(lib_a-nano-vfprintf.o)
__sinit                                           C:\Program Files (x86)\gcc-arm-none-eabi-10.3-2021.10\arm-none-eabi\lib\thumb\v6-m\nofp\libc_nano.a(lib_a-findfp.o)